Archive member included because of file (symbol)

../../MCAL/TIMER\libtimer.a(timer.o)
                              Main.o (timer0_void_init)
../../MCAL/EXT\libext.a(ext.o)
                              Main.o (EXTINT_voidEnable)
../../MCAL/GIE\libgie.a(gie.o)
                              Main.o (GIE_voidGlobalInterruptEnable)
../../MCAL/DIO\libdio.a(dio.o)
                              Main.o (DIO_voidSetPinValue)
c:/users/ali mahmoud/desktop/embedded learning/tools/imt_sdk_win_32/winavr/bin/../lib/gcc/avr/4.3.3/avr5\libgcc.a(_exit.o)
                              c:/users/ali mahmoud/desktop/embedded learning/tools/imt_sdk_win_32/winavr/bin/../lib/gcc/avr/4.3.3/../../../../avr/lib/avr5/crtm32.o (exit)
c:/users/ali mahmoud/desktop/embedded learning/tools/imt_sdk_win_32/winavr/bin/../lib/gcc/avr/4.3.3/avr5\libgcc.a(_clear_bss.o)
                              Main.o (__do_clear_bss)

Memory Configuration

Name             Origin             Length             Attributes
text             0x00000000         0x00020000         xr
data             0x00800060         0x0000ffa0         rw !x
eeprom           0x00810000         0x00010000         rw !x
fuse             0x00820000         0x00000400         rw !x
lock             0x00830000         0x00000400         rw !x
signature        0x00840000         0x00000400         rw !x
*default*        0x00000000         0xffffffff

Linker script and memory map

LOAD c:/users/ali mahmoud/desktop/embedded learning/tools/imt_sdk_win_32/winavr/bin/../lib/gcc/avr/4.3.3/../../../../avr/lib/avr5/crtm32.o
LOAD Main.o
LOAD ../../MCAL/TIMER\libtimer.a
LOAD ../../MCAL/EXT\libext.a
LOAD ../../MCAL/GIE\libgie.a
LOAD ../../MCAL/DIO\libdio.a
LOAD c:/users/ali mahmoud/desktop/embedded learning/tools/imt_sdk_win_32/winavr/bin/../lib/gcc/avr/4.3.3/avr5\libgcc.a
LOAD c:/users/ali mahmoud/desktop/embedded learning/tools/imt_sdk_win_32/winavr/bin/../lib/gcc/avr/4.3.3/../../../../avr/lib/avr5\libc.a
LOAD c:/users/ali mahmoud/desktop/embedded learning/tools/imt_sdk_win_32/winavr/bin/../lib/gcc/avr/4.3.3/avr5\libgcc.a

.hash
 *(.hash)

.dynsym
 *(.dynsym)

.dynstr
 *(.dynstr)

.gnu.version
 *(.gnu.version)

.gnu.version_d
 *(.gnu.version_d)

.gnu.version_r
 *(.gnu.version_r)

.rel.init
 *(.rel.init)

.rela.init
 *(.rela.init)

.rel.text
 *(.rel.text)
 *(.rel.text.*)
 *(.rel.gnu.linkonce.t*)

.rela.text
 *(.rela.text)
 *(.rela.text.*)
 *(.rela.gnu.linkonce.t*)

.rel.fini
 *(.rel.fini)

.rela.fini
 *(.rela.fini)

.rel.rodata
 *(.rel.rodata)
 *(.rel.rodata.*)
 *(.rel.gnu.linkonce.r*)

.rela.rodata
 *(.rela.rodata)
 *(.rela.rodata.*)
 *(.rela.gnu.linkonce.r*)

.rel.data
 *(.rel.data)
 *(.rel.data.*)
 *(.rel.gnu.linkonce.d*)

.rela.data
 *(.rela.data)
 *(.rela.data.*)
 *(.rela.gnu.linkonce.d*)

.rel.ctors
 *(.rel.ctors)

.rela.ctors
 *(.rela.ctors)

.rel.dtors
 *(.rel.dtors)

.rela.dtors
 *(.rela.dtors)

.rel.got
 *(.rel.got)

.rela.got
 *(.rela.got)

.rel.bss
 *(.rel.bss)

.rela.bss
 *(.rela.bss)

.rel.plt
 *(.rel.plt)

.rela.plt
 *(.rela.plt)

.text           0x00000000      0x934
 *(.vectors)
 .vectors       0x00000000       0x54 c:/users/ali mahmoud/desktop/embedded learning/tools/imt_sdk_win_32/winavr/bin/../lib/gcc/avr/4.3.3/../../../../avr/lib/avr5/crtm32.o
                0x00000000                __vectors
                0x00000000                __vector_default
 *(.vectors)
 *(.progmem.gcc*)
 *(.progmem*)
                0x00000054                . = ALIGN (0x2)
                0x00000054                __trampolines_start = .
 *(.trampolines)
 .trampolines   0x00000054        0x0 linker stubs
 *(.trampolines*)
                0x00000054                __trampolines_end = .
 *(.jumptables)
 *(.jumptables*)
 *(.lowtext)
 *(.lowtext*)
                0x00000054                __ctors_start = .
 *(.ctors)
                0x00000054                __ctors_end = .
                0x00000054                __dtors_start = .
 *(.dtors)
                0x00000054                __dtors_end = .
 SORT(*)(.ctors)
 SORT(*)(.dtors)
 *(.init0)
 .init0         0x00000054        0x0 c:/users/ali mahmoud/desktop/embedded learning/tools/imt_sdk_win_32/winavr/bin/../lib/gcc/avr/4.3.3/../../../../avr/lib/avr5/crtm32.o
                0x00000054                __init
 *(.init0)
 *(.init1)
 *(.init1)
 *(.init2)
 .init2         0x00000054        0xc c:/users/ali mahmoud/desktop/embedded learning/tools/imt_sdk_win_32/winavr/bin/../lib/gcc/avr/4.3.3/../../../../avr/lib/avr5/crtm32.o
 *(.init2)
 *(.init3)
 *(.init3)
 *(.init4)
 .init4         0x00000060       0x10 c:/users/ali mahmoud/desktop/embedded learning/tools/imt_sdk_win_32/winavr/bin/../lib/gcc/avr/4.3.3/avr5\libgcc.a(_clear_bss.o)
                0x00000060                __do_clear_bss
 *(.init4)
 *(.init5)
 *(.init5)
 *(.init6)
 *(.init6)
 *(.init7)
 *(.init7)
 *(.init8)
 *(.init8)
 *(.init9)
 .init9         0x00000070        0x8 c:/users/ali mahmoud/desktop/embedded learning/tools/imt_sdk_win_32/winavr/bin/../lib/gcc/avr/4.3.3/../../../../avr/lib/avr5/crtm32.o
 *(.init9)
 *(.text)
 .text          0x00000078        0x4 c:/users/ali mahmoud/desktop/embedded learning/tools/imt_sdk_win_32/winavr/bin/../lib/gcc/avr/4.3.3/../../../../avr/lib/avr5/crtm32.o
                0x00000078                __vector_12
                0x00000078                __bad_interrupt
                0x00000078                __vector_6
                0x00000078                __vector_13
                0x00000078                __vector_17
                0x00000078                __vector_19
                0x00000078                __vector_15
                0x00000078                __vector_14
                0x00000078                __vector_16
                0x00000078                __vector_18
                0x00000078                __vector_20
 .text          0x0000007c        0x0 Main.o
 .text          0x0000007c      0x2fe ../../MCAL/TIMER\libtimer.a(timer.o)
                0x000000d0                set_OCR0Val
                0x000000f2                setCallBack_CMP_T0
                0x000000dc                timer0_Interrupt_CompMatch_FlagClear
                0x000000e8                setCallBack_OV_T0
                0x000000c0                timer0_Interrupt_OverFlow_Disable
                0x0000009e                TIMER0_voidSetPreload
                0x0000007c                timer0_void_init
                0x00000110                setCallBack_OC_T1
                0x00000106                setCallBack_CMPB_T1
                0x00000182                __vector_11
                0x000001d6                __vector_7
                0x000000c8                timer0_Interrupt_CompMatch_Disable
                0x000000b8                timer0_Interrupt_CompMatch_Enable
                0x00000326                __vector_5
                0x0000011a                setCallBack_OV_T2
                0x000000ac                Timer0_set_preLoadVal
                0x000002d2                __vector_4
                0x0000027e                __vector_9
                0x00000124                setCallBack_CMP_T2
                0x000000fc                setCallBack_CMPA_T1
                0x000000a4                timer0_void_off
                0x0000022a                __vector_8
                0x000000d4                timer0_Interrupt_FlagClear
                0x000000e4                TIMER0_voidPWM
                0x0000012e                __vector_10
                0x000000b0                timer0_Interrupt_OverFlow_Enable
 .text          0x0000037a        0x0 ../../MCAL/EXT\libext.a(ext.o)
 .text          0x0000037a        0x0 ../../MCAL/GIE\libgie.a(gie.o)
 .text          0x0000037a      0x2be ../../MCAL/DIO\libdio.a(dio.o)
                0x0000060e                DIO_voidGetPortValue
                0x000005c2                DIO_voidSetPortValue
                0x0000037a                DIO_voidSetPinValue
                0x000005e8                DIO_voidSetPortDirection
                0x00000586                DIO_voidGetPinValue
                0x00000480                DIO_voidSetPinDirection
 .text          0x00000638        0x0 c:/users/ali mahmoud/desktop/embedded learning/tools/imt_sdk_win_32/winavr/bin/../lib/gcc/avr/4.3.3/avr5\libgcc.a(_exit.o)
 .text          0x00000638        0x0 c:/users/ali mahmoud/desktop/embedded learning/tools/imt_sdk_win_32/winavr/bin/../lib/gcc/avr/4.3.3/avr5\libgcc.a(_clear_bss.o)
                0x00000638                . = ALIGN (0x2)
 *(.text.*)
 .text.decrease2per
                0x00000638       0x1a Main.o
                0x00000638                decrease2per
 .text.incraese2per
                0x00000652       0x22 Main.o
                0x00000652                incraese2per
 .text.main     0x00000674       0x4a Main.o
                0x00000674                main
 .text.EXTINT_voidEnable
                0x000006be      0x110 ../../MCAL/EXT\libext.a(ext.o)
                0x000006be                EXTINT_voidEnable
 .text.EXTINT_voidDisable
                0x000007ce       0x30 ../../MCAL/EXT\libext.a(ext.o)
                0x000007ce                EXTINT_voidDisable
 .text.EXTINT_voidSetCallBack
                0x000007fe       0x12 ../../MCAL/EXT\libext.a(ext.o)
                0x000007fe                EXTINT_voidSetCallBack
 .text.__vector_1
                0x00000810       0x58 ../../MCAL/EXT\libext.a(ext.o)
                0x00000810                __vector_1
 .text.__vector_2
                0x00000868       0x58 ../../MCAL/EXT\libext.a(ext.o)
                0x00000868                __vector_2
 .text.__vector_3
                0x000008c0       0x58 ../../MCAL/EXT\libext.a(ext.o)
                0x000008c0                __vector_3
 .text.GIE_voidGlobalInterruptEnable
                0x00000918        0xc ../../MCAL/GIE\libgie.a(gie.o)
                0x00000918                GIE_voidGlobalInterruptEnable
 .text.GIE_voidGlobalInterruptDisable
                0x00000924        0xc ../../MCAL/GIE\libgie.a(gie.o)
                0x00000924                GIE_voidGlobalInterruptDisable
 .text.libgcc   0x00000930        0x0 c:/users/ali mahmoud/desktop/embedded learning/tools/imt_sdk_win_32/winavr/bin/../lib/gcc/avr/4.3.3/avr5\libgcc.a(_exit.o)
 .text.libgcc   0x00000930        0x0 c:/users/ali mahmoud/desktop/embedded learning/tools/imt_sdk_win_32/winavr/bin/../lib/gcc/avr/4.3.3/avr5\libgcc.a(_clear_bss.o)
                0x00000930                . = ALIGN (0x2)
 *(.fini9)
 .fini9         0x00000930        0x0 c:/users/ali mahmoud/desktop/embedded learning/tools/imt_sdk_win_32/winavr/bin/../lib/gcc/avr/4.3.3/avr5\libgcc.a(_exit.o)
                0x00000930                exit
                0x00000930                _exit
 *(.fini9)
 *(.fini8)
 *(.fini8)
 *(.fini7)
 *(.fini7)
 *(.fini6)
 *(.fini6)
 *(.fini5)
 *(.fini5)
 *(.fini4)
 *(.fini4)
 *(.fini3)
 *(.fini3)
 *(.fini2)
 *(.fini2)
 *(.fini1)
 *(.fini1)
 *(.fini0)
 .fini0         0x00000930        0x4 c:/users/ali mahmoud/desktop/embedded learning/tools/imt_sdk_win_32/winavr/bin/../lib/gcc/avr/4.3.3/avr5\libgcc.a(_exit.o)
 *(.fini0)
                0x00000934                _etext = .

.data           0x00800060        0x0 load address 0x00000934
                0x00800060                PROVIDE (__data_start, .)
 *(.data)
 .data          0x00800060        0x0 c:/users/ali mahmoud/desktop/embedded learning/tools/imt_sdk_win_32/winavr/bin/../lib/gcc/avr/4.3.3/../../../../avr/lib/avr5/crtm32.o
 .data          0x00800060        0x0 Main.o
 .data          0x00800060        0x0 ../../MCAL/TIMER\libtimer.a(timer.o)
 .data          0x00800060        0x0 ../../MCAL/EXT\libext.a(ext.o)
 .data          0x00800060        0x0 ../../MCAL/GIE\libgie.a(gie.o)
 .data          0x00800060        0x0 ../../MCAL/DIO\libdio.a(dio.o)
 .data          0x00800060        0x0 c:/users/ali mahmoud/desktop/embedded learning/tools/imt_sdk_win_32/winavr/bin/../lib/gcc/avr/4.3.3/avr5\libgcc.a(_exit.o)
 .data          0x00800060        0x0 c:/users/ali mahmoud/desktop/embedded learning/tools/imt_sdk_win_32/winavr/bin/../lib/gcc/avr/4.3.3/avr5\libgcc.a(_clear_bss.o)
 *(.data*)
 *(.rodata)
 *(.rodata*)
 *(.gnu.linkonce.d*)
                0x00800060                . = ALIGN (0x2)
                0x00800060                _edata = .
                0x00800060                PROVIDE (__data_end, .)

.bss            0x00800060       0x15
                0x00800060                PROVIDE (__bss_start, .)
 *(.bss)
 .bss           0x00800060        0x0 c:/users/ali mahmoud/desktop/embedded learning/tools/imt_sdk_win_32/winavr/bin/../lib/gcc/avr/4.3.3/../../../../avr/lib/avr5/crtm32.o
 .bss           0x00800060        0x0 Main.o
 .bss           0x00800060        0xe ../../MCAL/TIMER\libtimer.a(timer.o)
                0x00800064                cmpMatchCallB_T1_1
                0x00800062                overFlowCallB_T0
                0x00800060                cmpMatchCallB_T0
                0x0080006c                overFlowCallB_T2
                0x00800066                cmpMatchCallB_T1_2
                0x0080006a                cmpMatchCallB_T2
                0x00800068                overFlowCallB_T1
 .bss           0x0080006e        0x0 ../../MCAL/EXT\libext.a(ext.o)
 .bss           0x0080006e        0x0 ../../MCAL/GIE\libgie.a(gie.o)
 .bss           0x0080006e        0x0 ../../MCAL/DIO\libdio.a(dio.o)
 .bss           0x0080006e        0x0 c:/users/ali mahmoud/desktop/embedded learning/tools/imt_sdk_win_32/winavr/bin/../lib/gcc/avr/4.3.3/avr5\libgcc.a(_exit.o)
 .bss           0x0080006e        0x0 c:/users/ali mahmoud/desktop/embedded learning/tools/imt_sdk_win_32/winavr/bin/../lib/gcc/avr/4.3.3/avr5\libgcc.a(_clear_bss.o)
 *(.bss*)
 .bss.duty_cycle
                0x0080006e        0x1 Main.o
                0x0080006e                duty_cycle
 .bss.EXTINT_ApfuncEXTINT
                0x0080006f        0x6 ../../MCAL/EXT\libext.a(ext.o)
 *(COMMON)
                0x00800075                PROVIDE (__bss_end, .)
                0x00000934                __data_load_start = LOADADDR (.data)
                0x00000934                __data_load_end = (__data_load_start + SIZEOF (.data))

.noinit         0x00800075        0x0
                0x00800075                PROVIDE (__noinit_start, .)
 *(.noinit*)
                0x00800075                PROVIDE (__noinit_end, .)
                0x00800075                _end = .
                0x00800075                PROVIDE (__heap_start, .)

.eeprom         0x00810000        0x0
 *(.eeprom*)
                0x00810000                __eeprom_end = .

.fuse
 *(.fuse)
 *(.lfuse)
 *(.hfuse)
 *(.efuse)

.lock
 *(.lock*)

.signature
 *(.signature*)

.stab           0x00000000      0xcb4
 *(.stab)
 .stab          0x00000000      0x7d4 ../../MCAL/TIMER\libtimer.a(timer.o)
 .stab          0x000007d4      0x4e0 ../../MCAL/DIO\libdio.a(dio.o)
                                0x558 (size before relaxing)

.stabstr        0x00000000      0x88a
 *(.stabstr)
 .stabstr       0x00000000      0x88a ../../MCAL/TIMER\libtimer.a(timer.o)

.stab.excl
 *(.stab.excl)

.stab.exclstr
 *(.stab.exclstr)

.stab.index
 *(.stab.index)

.stab.indexstr
 *(.stab.indexstr)

.comment
 *(.comment)

.debug
 *(.debug)

.line
 *(.line)

.debug_srcinfo
 *(.debug_srcinfo)

.debug_sfnames
 *(.debug_sfnames)

.debug_aranges  0x00000000       0xa0
 *(.debug_aranges)
 .debug_aranges
                0x00000000       0x30 Main.o
 .debug_aranges
                0x00000030       0x48 ../../MCAL/EXT\libext.a(ext.o)
 .debug_aranges
                0x00000078       0x28 ../../MCAL/GIE\libgie.a(gie.o)

.debug_pubnames
                0x00000000      0x12a
 *(.debug_pubnames)
 .debug_pubnames
                0x00000000       0x4c Main.o
 .debug_pubnames
                0x0000004c       0x87 ../../MCAL/EXT\libext.a(ext.o)
 .debug_pubnames
                0x000000d3       0x57 ../../MCAL/GIE\libgie.a(gie.o)

.debug_info     0x00000000      0x2ba
 *(.debug_info)
 .debug_info    0x00000000       0xc5 Main.o
 .debug_info    0x000000c5      0x16b ../../MCAL/EXT\libext.a(ext.o)
 .debug_info    0x00000230       0x8a ../../MCAL/GIE\libgie.a(gie.o)
 *(.gnu.linkonce.wi.*)

.debug_abbrev   0x00000000      0x15e
 *(.debug_abbrev)
 .debug_abbrev  0x00000000       0x76 Main.o
 .debug_abbrev  0x00000076       0xb2 ../../MCAL/EXT\libext.a(ext.o)
 .debug_abbrev  0x00000128       0x36 ../../MCAL/GIE\libgie.a(gie.o)

.debug_line     0x00000000      0x391
 *(.debug_line)
 .debug_line    0x00000000      0x127 Main.o
 .debug_line    0x00000127      0x1d7 ../../MCAL/EXT\libext.a(ext.o)
 .debug_line    0x000002fe       0x93 ../../MCAL/GIE\libgie.a(gie.o)

.debug_frame    0x00000000       0xe0
 *(.debug_frame)
 .debug_frame   0x00000000       0x40 Main.o
 .debug_frame   0x00000040       0x70 ../../MCAL/EXT\libext.a(ext.o)
 .debug_frame   0x000000b0       0x30 ../../MCAL/GIE\libgie.a(gie.o)

.debug_str      0x00000000      0x27b
 *(.debug_str)
 .debug_str     0x00000000       0xe1 Main.o
                                 0xed (size before relaxing)
 .debug_str     0x000000e1      0x10a ../../MCAL/EXT\libext.a(ext.o)
                                0x175 (size before relaxing)
 .debug_str     0x000001eb       0x90 ../../MCAL/GIE\libgie.a(gie.o)
                                 0xfb (size before relaxing)

.debug_loc      0x00000000       0xf9
 *(.debug_loc)
 .debug_loc     0x00000000       0xf9 ../../MCAL/EXT\libext.a(ext.o)

.debug_macinfo
 *(.debug_macinfo)
OUTPUT(Main.elf elf32-avr)
LOAD linker stubs

.debug_ranges   0x00000000       0x88
 .debug_ranges  0x00000000       0x28 Main.o
 .debug_ranges  0x00000028       0x40 ../../MCAL/EXT\libext.a(ext.o)
 .debug_ranges  0x00000068       0x20 ../../MCAL/GIE\libgie.a(gie.o)
