Archive member included because of file (symbol)

../../MCAL/TIMER\libtimer.a(timer.o)
                              main.o (timer0_void_init)
../../MCAL/EXT\libext.a(ext.o)
                              main.o (EXTINT_voidEnable)
../../MCAL/GIE\libgie.a(gie.o)
                              main.o (GIE_voidGlobalInterruptEnable)
../../MCAL/DIO\libdio.a(dio.o)
                              main.o (DIO_voidTogglePinValue)
c:/users/ali mahmoud/desktop/embedded learning/tools/imt_sdk_win_32/winavr/bin/../lib/gcc/avr/4.3.3/../../../../avr/lib/avr5\libm.a(divsf3.o)
                              ../../MCAL/TIMER\libtimer.a(timer.o) (__divsf3)
c:/users/ali mahmoud/desktop/embedded learning/tools/imt_sdk_win_32/winavr/bin/../lib/gcc/avr/4.3.3/../../../../avr/lib/avr5\libm.a(divsf3x.o)
                              c:/users/ali mahmoud/desktop/embedded learning/tools/imt_sdk_win_32/winavr/bin/../lib/gcc/avr/4.3.3/../../../../avr/lib/avr5\libm.a(divsf3.o) (__divsf3x)
c:/users/ali mahmoud/desktop/embedded learning/tools/imt_sdk_win_32/winavr/bin/../lib/gcc/avr/4.3.3/../../../../avr/lib/avr5\libm.a(fixunssfsi.o)
                              ../../MCAL/TIMER\libtimer.a(timer.o) (__fixunssfsi)
c:/users/ali mahmoud/desktop/embedded learning/tools/imt_sdk_win_32/winavr/bin/../lib/gcc/avr/4.3.3/../../../../avr/lib/avr5\libm.a(floatsisf.o)
                              ../../MCAL/TIMER\libtimer.a(timer.o) (__floatunsisf)
c:/users/ali mahmoud/desktop/embedded learning/tools/imt_sdk_win_32/winavr/bin/../lib/gcc/avr/4.3.3/../../../../avr/lib/avr5\libm.a(fp_inf.o)
                              c:/users/ali mahmoud/desktop/embedded learning/tools/imt_sdk_win_32/winavr/bin/../lib/gcc/avr/4.3.3/../../../../avr/lib/avr5\libm.a(divsf3x.o) (__fp_inf)
c:/users/ali mahmoud/desktop/embedded learning/tools/imt_sdk_win_32/winavr/bin/../lib/gcc/avr/4.3.3/../../../../avr/lib/avr5\libm.a(fp_nan.o)
                              c:/users/ali mahmoud/desktop/embedded learning/tools/imt_sdk_win_32/winavr/bin/../lib/gcc/avr/4.3.3/../../../../avr/lib/avr5\libm.a(divsf3x.o) (__fp_nan)
c:/users/ali mahmoud/desktop/embedded learning/tools/imt_sdk_win_32/winavr/bin/../lib/gcc/avr/4.3.3/../../../../avr/lib/avr5\libm.a(fp_pscA.o)
                              c:/users/ali mahmoud/desktop/embedded learning/tools/imt_sdk_win_32/winavr/bin/../lib/gcc/avr/4.3.3/../../../../avr/lib/avr5\libm.a(divsf3x.o) (__fp_pscA)
c:/users/ali mahmoud/desktop/embedded learning/tools/imt_sdk_win_32/winavr/bin/../lib/gcc/avr/4.3.3/../../../../avr/lib/avr5\libm.a(fp_pscB.o)
                              c:/users/ali mahmoud/desktop/embedded learning/tools/imt_sdk_win_32/winavr/bin/../lib/gcc/avr/4.3.3/../../../../avr/lib/avr5\libm.a(divsf3x.o) (__fp_pscB)
c:/users/ali mahmoud/desktop/embedded learning/tools/imt_sdk_win_32/winavr/bin/../lib/gcc/avr/4.3.3/../../../../avr/lib/avr5\libm.a(fp_round.o)
                              c:/users/ali mahmoud/desktop/embedded learning/tools/imt_sdk_win_32/winavr/bin/../lib/gcc/avr/4.3.3/../../../../avr/lib/avr5\libm.a(divsf3.o) (__fp_round)
c:/users/ali mahmoud/desktop/embedded learning/tools/imt_sdk_win_32/winavr/bin/../lib/gcc/avr/4.3.3/../../../../avr/lib/avr5\libm.a(fp_split3.o)
                              c:/users/ali mahmoud/desktop/embedded learning/tools/imt_sdk_win_32/winavr/bin/../lib/gcc/avr/4.3.3/../../../../avr/lib/avr5\libm.a(divsf3x.o) (__fp_split3)
c:/users/ali mahmoud/desktop/embedded learning/tools/imt_sdk_win_32/winavr/bin/../lib/gcc/avr/4.3.3/../../../../avr/lib/avr5\libm.a(fp_zero.o)
                              c:/users/ali mahmoud/desktop/embedded learning/tools/imt_sdk_win_32/winavr/bin/../lib/gcc/avr/4.3.3/../../../../avr/lib/avr5\libm.a(fixunssfsi.o) (__fp_zero)
c:/users/ali mahmoud/desktop/embedded learning/tools/imt_sdk_win_32/winavr/bin/../lib/gcc/avr/4.3.3/../../../../avr/lib/avr5\libm.a(mulsf3.o)
                              ../../MCAL/TIMER\libtimer.a(timer.o) (__mulsf3)
c:/users/ali mahmoud/desktop/embedded learning/tools/imt_sdk_win_32/winavr/bin/../lib/gcc/avr/4.3.3/../../../../avr/lib/avr5\libm.a(mulsf3x.o)
                              c:/users/ali mahmoud/desktop/embedded learning/tools/imt_sdk_win_32/winavr/bin/../lib/gcc/avr/4.3.3/../../../../avr/lib/avr5\libm.a(mulsf3.o) (__mulsf3x)
c:/users/ali mahmoud/desktop/embedded learning/tools/imt_sdk_win_32/winavr/bin/../lib/gcc/avr/4.3.3/avr5\libgcc.a(_exit.o)
                              c:/users/ali mahmoud/desktop/embedded learning/tools/imt_sdk_win_32/winavr/bin/../lib/gcc/avr/4.3.3/../../../../avr/lib/avr5/crtm32.o (exit)
c:/users/ali mahmoud/desktop/embedded learning/tools/imt_sdk_win_32/winavr/bin/../lib/gcc/avr/4.3.3/avr5\libgcc.a(_clear_bss.o)
                              main.o (__do_clear_bss)

Discarded input sections

 .data          0x00000000        0x0 c:/users/ali mahmoud/desktop/embedded learning/tools/imt_sdk_win_32/winavr/bin/../lib/gcc/avr/4.3.3/../../../../avr/lib/avr5/crtm32.o
 .bss           0x00000000        0x0 c:/users/ali mahmoud/desktop/embedded learning/tools/imt_sdk_win_32/winavr/bin/../lib/gcc/avr/4.3.3/../../../../avr/lib/avr5/crtm32.o
 .text          0x00000000        0x0 main.o
 .data          0x00000000        0x0 main.o
 .bss           0x00000000        0x0 main.o
 .data          0x00000000        0x0 ../../MCAL/TIMER\libtimer.a(timer.o)
 .text          0x00000000        0x0 ../../MCAL/EXT\libext.a(ext.o)
 .data          0x00000000        0x0 ../../MCAL/EXT\libext.a(ext.o)
 .bss           0x00000000        0x0 ../../MCAL/EXT\libext.a(ext.o)
 .text.EXTINT_voidDisable
                0x00000000        0x0 ../../MCAL/EXT\libext.a(ext.o)
 .text          0x00000000        0x0 ../../MCAL/GIE\libgie.a(gie.o)
 .data          0x00000000        0x0 ../../MCAL/GIE\libgie.a(gie.o)
 .bss           0x00000000        0x0 ../../MCAL/GIE\libgie.a(gie.o)
 .text.GIE_voidGlobalInterruptDisable
                0x00000000        0x0 ../../MCAL/GIE\libgie.a(gie.o)
 .data          0x00000000        0x0 ../../MCAL/DIO\libdio.a(dio.o)
 .bss           0x00000000        0x0 ../../MCAL/DIO\libdio.a(dio.o)
 .text          0x00000000        0x0 c:/users/ali mahmoud/desktop/embedded learning/tools/imt_sdk_win_32/winavr/bin/../lib/gcc/avr/4.3.3/../../../../avr/lib/avr5\libm.a(divsf3.o)
 .data          0x00000000        0x0 c:/users/ali mahmoud/desktop/embedded learning/tools/imt_sdk_win_32/winavr/bin/../lib/gcc/avr/4.3.3/../../../../avr/lib/avr5\libm.a(divsf3.o)
 .bss           0x00000000        0x0 c:/users/ali mahmoud/desktop/embedded learning/tools/imt_sdk_win_32/winavr/bin/../lib/gcc/avr/4.3.3/../../../../avr/lib/avr5\libm.a(divsf3.o)
 .text          0x00000000        0x0 c:/users/ali mahmoud/desktop/embedded learning/tools/imt_sdk_win_32/winavr/bin/../lib/gcc/avr/4.3.3/../../../../avr/lib/avr5\libm.a(divsf3x.o)
 .data          0x00000000        0x0 c:/users/ali mahmoud/desktop/embedded learning/tools/imt_sdk_win_32/winavr/bin/../lib/gcc/avr/4.3.3/../../../../avr/lib/avr5\libm.a(divsf3x.o)
 .bss           0x00000000        0x0 c:/users/ali mahmoud/desktop/embedded learning/tools/imt_sdk_win_32/winavr/bin/../lib/gcc/avr/4.3.3/../../../../avr/lib/avr5\libm.a(divsf3x.o)
 .text          0x00000000        0x0 c:/users/ali mahmoud/desktop/embedded learning/tools/imt_sdk_win_32/winavr/bin/../lib/gcc/avr/4.3.3/../../../../avr/lib/avr5\libm.a(fixunssfsi.o)
 .data          0x00000000        0x0 c:/users/ali mahmoud/desktop/embedded learning/tools/imt_sdk_win_32/winavr/bin/../lib/gcc/avr/4.3.3/../../../../avr/lib/avr5\libm.a(fixunssfsi.o)
 .bss           0x00000000        0x0 c:/users/ali mahmoud/desktop/embedded learning/tools/imt_sdk_win_32/winavr/bin/../lib/gcc/avr/4.3.3/../../../../avr/lib/avr5\libm.a(fixunssfsi.o)
 .text          0x00000000        0x0 c:/users/ali mahmoud/desktop/embedded learning/tools/imt_sdk_win_32/winavr/bin/../lib/gcc/avr/4.3.3/../../../../avr/lib/avr5\libm.a(floatsisf.o)
 .data          0x00000000        0x0 c:/users/ali mahmoud/desktop/embedded learning/tools/imt_sdk_win_32/winavr/bin/../lib/gcc/avr/4.3.3/../../../../avr/lib/avr5\libm.a(floatsisf.o)
 .bss           0x00000000        0x0 c:/users/ali mahmoud/desktop/embedded learning/tools/imt_sdk_win_32/winavr/bin/../lib/gcc/avr/4.3.3/../../../../avr/lib/avr5\libm.a(floatsisf.o)
 .text          0x00000000        0x0 c:/users/ali mahmoud/desktop/embedded learning/tools/imt_sdk_win_32/winavr/bin/../lib/gcc/avr/4.3.3/../../../../avr/lib/avr5\libm.a(fp_inf.o)
 .data          0x00000000        0x0 c:/users/ali mahmoud/desktop/embedded learning/tools/imt_sdk_win_32/winavr/bin/../lib/gcc/avr/4.3.3/../../../../avr/lib/avr5\libm.a(fp_inf.o)
 .bss           0x00000000        0x0 c:/users/ali mahmoud/desktop/embedded learning/tools/imt_sdk_win_32/winavr/bin/../lib/gcc/avr/4.3.3/../../../../avr/lib/avr5\libm.a(fp_inf.o)
 .text          0x00000000        0x0 c:/users/ali mahmoud/desktop/embedded learning/tools/imt_sdk_win_32/winavr/bin/../lib/gcc/avr/4.3.3/../../../../avr/lib/avr5\libm.a(fp_nan.o)
 .data          0x00000000        0x0 c:/users/ali mahmoud/desktop/embedded learning/tools/imt_sdk_win_32/winavr/bin/../lib/gcc/avr/4.3.3/../../../../avr/lib/avr5\libm.a(fp_nan.o)
 .bss           0x00000000        0x0 c:/users/ali mahmoud/desktop/embedded learning/tools/imt_sdk_win_32/winavr/bin/../lib/gcc/avr/4.3.3/../../../../avr/lib/avr5\libm.a(fp_nan.o)
 .text          0x00000000        0x0 c:/users/ali mahmoud/desktop/embedded learning/tools/imt_sdk_win_32/winavr/bin/../lib/gcc/avr/4.3.3/../../../../avr/lib/avr5\libm.a(fp_pscA.o)
 .data          0x00000000        0x0 c:/users/ali mahmoud/desktop/embedded learning/tools/imt_sdk_win_32/winavr/bin/../lib/gcc/avr/4.3.3/../../../../avr/lib/avr5\libm.a(fp_pscA.o)
 .bss           0x00000000        0x0 c:/users/ali mahmoud/desktop/embedded learning/tools/imt_sdk_win_32/winavr/bin/../lib/gcc/avr/4.3.3/../../../../avr/lib/avr5\libm.a(fp_pscA.o)
 .text          0x00000000        0x0 c:/users/ali mahmoud/desktop/embedded learning/tools/imt_sdk_win_32/winavr/bin/../lib/gcc/avr/4.3.3/../../../../avr/lib/avr5\libm.a(fp_pscB.o)
 .data          0x00000000        0x0 c:/users/ali mahmoud/desktop/embedded learning/tools/imt_sdk_win_32/winavr/bin/../lib/gcc/avr/4.3.3/../../../../avr/lib/avr5\libm.a(fp_pscB.o)
 .bss           0x00000000        0x0 c:/users/ali mahmoud/desktop/embedded learning/tools/imt_sdk_win_32/winavr/bin/../lib/gcc/avr/4.3.3/../../../../avr/lib/avr5\libm.a(fp_pscB.o)
 .text          0x00000000        0x0 c:/users/ali mahmoud/desktop/embedded learning/tools/imt_sdk_win_32/winavr/bin/../lib/gcc/avr/4.3.3/../../../../avr/lib/avr5\libm.a(fp_round.o)
 .data          0x00000000        0x0 c:/users/ali mahmoud/desktop/embedded learning/tools/imt_sdk_win_32/winavr/bin/../lib/gcc/avr/4.3.3/../../../../avr/lib/avr5\libm.a(fp_round.o)
 .bss           0x00000000        0x0 c:/users/ali mahmoud/desktop/embedded learning/tools/imt_sdk_win_32/winavr/bin/../lib/gcc/avr/4.3.3/../../../../avr/lib/avr5\libm.a(fp_round.o)
 .text          0x00000000        0x0 c:/users/ali mahmoud/desktop/embedded learning/tools/imt_sdk_win_32/winavr/bin/../lib/gcc/avr/4.3.3/../../../../avr/lib/avr5\libm.a(fp_split3.o)
 .data          0x00000000        0x0 c:/users/ali mahmoud/desktop/embedded learning/tools/imt_sdk_win_32/winavr/bin/../lib/gcc/avr/4.3.3/../../../../avr/lib/avr5\libm.a(fp_split3.o)
 .bss           0x00000000        0x0 c:/users/ali mahmoud/desktop/embedded learning/tools/imt_sdk_win_32/winavr/bin/../lib/gcc/avr/4.3.3/../../../../avr/lib/avr5\libm.a(fp_split3.o)
 .text          0x00000000        0x0 c:/users/ali mahmoud/desktop/embedded learning/tools/imt_sdk_win_32/winavr/bin/../lib/gcc/avr/4.3.3/../../../../avr/lib/avr5\libm.a(fp_zero.o)
 .data          0x00000000        0x0 c:/users/ali mahmoud/desktop/embedded learning/tools/imt_sdk_win_32/winavr/bin/../lib/gcc/avr/4.3.3/../../../../avr/lib/avr5\libm.a(fp_zero.o)
 .bss           0x00000000        0x0 c:/users/ali mahmoud/desktop/embedded learning/tools/imt_sdk_win_32/winavr/bin/../lib/gcc/avr/4.3.3/../../../../avr/lib/avr5\libm.a(fp_zero.o)
 .text          0x00000000        0x0 c:/users/ali mahmoud/desktop/embedded learning/tools/imt_sdk_win_32/winavr/bin/../lib/gcc/avr/4.3.3/../../../../avr/lib/avr5\libm.a(mulsf3.o)
 .data          0x00000000        0x0 c:/users/ali mahmoud/desktop/embedded learning/tools/imt_sdk_win_32/winavr/bin/../lib/gcc/avr/4.3.3/../../../../avr/lib/avr5\libm.a(mulsf3.o)
 .bss           0x00000000        0x0 c:/users/ali mahmoud/desktop/embedded learning/tools/imt_sdk_win_32/winavr/bin/../lib/gcc/avr/4.3.3/../../../../avr/lib/avr5\libm.a(mulsf3.o)
 .text          0x00000000        0x0 c:/users/ali mahmoud/desktop/embedded learning/tools/imt_sdk_win_32/winavr/bin/../lib/gcc/avr/4.3.3/../../../../avr/lib/avr5\libm.a(mulsf3x.o)
 .data          0x00000000        0x0 c:/users/ali mahmoud/desktop/embedded learning/tools/imt_sdk_win_32/winavr/bin/../lib/gcc/avr/4.3.3/../../../../avr/lib/avr5\libm.a(mulsf3x.o)
 .bss           0x00000000        0x0 c:/users/ali mahmoud/desktop/embedded learning/tools/imt_sdk_win_32/winavr/bin/../lib/gcc/avr/4.3.3/../../../../avr/lib/avr5\libm.a(mulsf3x.o)
 .text          0x00000000        0x0 c:/users/ali mahmoud/desktop/embedded learning/tools/imt_sdk_win_32/winavr/bin/../lib/gcc/avr/4.3.3/avr5\libgcc.a(_exit.o)
 .data          0x00000000        0x0 c:/users/ali mahmoud/desktop/embedded learning/tools/imt_sdk_win_32/winavr/bin/../lib/gcc/avr/4.3.3/avr5\libgcc.a(_exit.o)
 .bss           0x00000000        0x0 c:/users/ali mahmoud/desktop/embedded learning/tools/imt_sdk_win_32/winavr/bin/../lib/gcc/avr/4.3.3/avr5\libgcc.a(_exit.o)
 .text.libgcc   0x00000000        0x0 c:/users/ali mahmoud/desktop/embedded learning/tools/imt_sdk_win_32/winavr/bin/../lib/gcc/avr/4.3.3/avr5\libgcc.a(_exit.o)
 .text          0x00000000        0x0 c:/users/ali mahmoud/desktop/embedded learning/tools/imt_sdk_win_32/winavr/bin/../lib/gcc/avr/4.3.3/avr5\libgcc.a(_clear_bss.o)
 .data          0x00000000        0x0 c:/users/ali mahmoud/desktop/embedded learning/tools/imt_sdk_win_32/winavr/bin/../lib/gcc/avr/4.3.3/avr5\libgcc.a(_clear_bss.o)
 .bss           0x00000000        0x0 c:/users/ali mahmoud/desktop/embedded learning/tools/imt_sdk_win_32/winavr/bin/../lib/gcc/avr/4.3.3/avr5\libgcc.a(_clear_bss.o)
 .text.libgcc   0x00000000        0x0 c:/users/ali mahmoud/desktop/embedded learning/tools/imt_sdk_win_32/winavr/bin/../lib/gcc/avr/4.3.3/avr5\libgcc.a(_clear_bss.o)

Memory Configuration

Name             Origin             Length             Attributes
text             0x00000000         0x00020000         xr
data             0x00800060         0x0000ffa0         rw !x
eeprom           0x00810000         0x00010000         rw !x
fuse             0x00820000         0x00000400         rw !x
lock             0x00830000         0x00000400         rw !x
signature        0x00840000         0x00000400         rw !x
*default*        0x00000000         0xffffffff

Linker script and memory map

LOAD c:/users/ali mahmoud/desktop/embedded learning/tools/imt_sdk_win_32/winavr/bin/../lib/gcc/avr/4.3.3/../../../../avr/lib/avr5/crtm32.o
LOAD main.o
LOAD ../../MCAL/TIMER\libtimer.a
LOAD ../../MCAL/EXT\libext.a
LOAD ../../MCAL/GIE\libgie.a
LOAD ../../MCAL/DIO\libdio.a
START GROUP
LOAD c:/users/ali mahmoud/desktop/embedded learning/tools/imt_sdk_win_32/winavr/bin/../lib/gcc/avr/4.3.3/../../../../avr/lib/avr5\libm.a
END GROUP
LOAD c:/users/ali mahmoud/desktop/embedded learning/tools/imt_sdk_win_32/winavr/bin/../lib/gcc/avr/4.3.3/avr5\libgcc.a
LOAD c:/users/ali mahmoud/desktop/embedded learning/tools/imt_sdk_win_32/winavr/bin/../lib/gcc/avr/4.3.3/../../../../avr/lib/avr5\libc.a
LOAD c:/users/ali mahmoud/desktop/embedded learning/tools/imt_sdk_win_32/winavr/bin/../lib/gcc/avr/4.3.3/avr5\libgcc.a

.hash
 *(.hash)

.dynsym
 *(.dynsym)

.dynstr
 *(.dynstr)

.gnu.version
 *(.gnu.version)

.gnu.version_d
 *(.gnu.version_d)

.gnu.version_r
 *(.gnu.version_r)

.rel.init
 *(.rel.init)

.rela.init
 *(.rela.init)

.rel.text
 *(.rel.text)
 *(.rel.text.*)
 *(.rel.gnu.linkonce.t*)

.rela.text
 *(.rela.text)
 *(.rela.text.*)
 *(.rela.gnu.linkonce.t*)

.rel.fini
 *(.rel.fini)

.rela.fini
 *(.rela.fini)

.rel.rodata
 *(.rel.rodata)
 *(.rel.rodata.*)
 *(.rel.gnu.linkonce.r*)

.rela.rodata
 *(.rela.rodata)
 *(.rela.rodata.*)
 *(.rela.gnu.linkonce.r*)

.rel.data
 *(.rel.data)
 *(.rel.data.*)
 *(.rel.gnu.linkonce.d*)

.rela.data
 *(.rela.data)
 *(.rela.data.*)
 *(.rela.gnu.linkonce.d*)

.rel.ctors
 *(.rel.ctors)

.rela.ctors
 *(.rela.ctors)

.rel.dtors
 *(.rel.dtors)

.rela.dtors
 *(.rela.dtors)

.rel.got
 *(.rel.got)

.rela.got
 *(.rela.got)

.rel.bss
 *(.rel.bss)

.rela.bss
 *(.rela.bss)

.rel.plt
 *(.rel.plt)

.rela.plt
 *(.rela.plt)

.text           0x00000000      0xc76
 *(.vectors)
 .vectors       0x00000000       0x54 c:/users/ali mahmoud/desktop/embedded learning/tools/imt_sdk_win_32/winavr/bin/../lib/gcc/avr/4.3.3/../../../../avr/lib/avr5/crtm32.o
                0x00000000                __vectors
                0x00000000                __vector_default
 *(.vectors)
 *(.progmem.gcc*)
 *(.progmem*)
                0x00000054                . = ALIGN (0x2)
                0x00000054                __trampolines_start = .
 *(.trampolines)
 .trampolines   0x00000054        0x0 linker stubs
 *(.trampolines*)
                0x00000054                __trampolines_end = .
 *(.jumptables)
 *(.jumptables*)
 *(.lowtext)
 *(.lowtext*)
                0x00000054                __ctors_start = .
 *(.ctors)
                0x00000054                __ctors_end = .
                0x00000054                __dtors_start = .
 *(.dtors)
                0x00000054                __dtors_end = .
 SORT(*)(.ctors)
 SORT(*)(.dtors)
 *(.init0)
 .init0         0x00000054        0x0 c:/users/ali mahmoud/desktop/embedded learning/tools/imt_sdk_win_32/winavr/bin/../lib/gcc/avr/4.3.3/../../../../avr/lib/avr5/crtm32.o
                0x00000054                __init
 *(.init0)
 *(.init1)
 *(.init1)
 *(.init2)
 .init2         0x00000054        0xc c:/users/ali mahmoud/desktop/embedded learning/tools/imt_sdk_win_32/winavr/bin/../lib/gcc/avr/4.3.3/../../../../avr/lib/avr5/crtm32.o
 *(.init2)
 *(.init3)
 *(.init3)
 *(.init4)
 .init4         0x00000060       0x10 c:/users/ali mahmoud/desktop/embedded learning/tools/imt_sdk_win_32/winavr/bin/../lib/gcc/avr/4.3.3/avr5\libgcc.a(_clear_bss.o)
                0x00000060                __do_clear_bss
 *(.init4)
 *(.init5)
 *(.init5)
 *(.init6)
 *(.init6)
 *(.init7)
 *(.init7)
 *(.init8)
 *(.init8)
 *(.init9)
 .init9         0x00000070        0x8 c:/users/ali mahmoud/desktop/embedded learning/tools/imt_sdk_win_32/winavr/bin/../lib/gcc/avr/4.3.3/../../../../avr/lib/avr5/crtm32.o
 *(.init9)
 *(.text)
 .text          0x00000078        0x4 c:/users/ali mahmoud/desktop/embedded learning/tools/imt_sdk_win_32/winavr/bin/../lib/gcc/avr/4.3.3/../../../../avr/lib/avr5/crtm32.o
                0x00000078                __vector_12
                0x00000078                __bad_interrupt
                0x00000078                __vector_6
                0x00000078                __vector_13
                0x00000078                __vector_17
                0x00000078                __vector_19
                0x00000078                __vector_15
                0x00000078                __vector_14
                0x00000078                __vector_16
                0x00000078                __vector_18
                0x00000078                __vector_20
 .text          0x0000007c      0x32a ../../MCAL/TIMER\libtimer.a(timer.o)
                0x000000d0                set_OCR0Val
                0x0000011e                setCallBack_CMP_T0
                0x000000dc                timer0_Interrupt_CompMatch_FlagClear
                0x00000114                setCallBack_OV_T0
                0x000000c0                timer0_Interrupt_OverFlow_Disable
                0x0000009e                TIMER0_voidSetPreload
                0x0000007c                timer0_void_init
                0x0000013c                setCallBack_OC_T1
                0x00000132                setCallBack_CMPB_T1
                0x000001ae                __vector_11
                0x00000202                __vector_7
                0x000000c8                timer0_Interrupt_CompMatch_Disable
                0x000000b8                timer0_Interrupt_CompMatch_Enable
                0x00000352                __vector_5
                0x00000146                setCallBack_OV_T2
                0x000000ac                Timer0_set_preLoadVal
                0x000002fe                __vector_4
                0x000002aa                __vector_9
                0x00000150                setCallBack_CMP_T2
                0x00000128                setCallBack_CMPA_T1
                0x000000a4                timer0_void_off
                0x00000256                __vector_8
                0x000000d4                timer0_Interrupt_FlagClear
                0x000000e4                TIMER0_voidPWM
                0x0000015a                __vector_10
                0x000000b0                timer0_Interrupt_OverFlow_Enable
 .text          0x000003a6      0x304 ../../MCAL/DIO\libdio.a(dio.o)
                0x00000680                DIO_voidGetPortValue
                0x00000634                DIO_voidSetPortValue
                0x000003a6                DIO_voidSetPinValue
                0x0000065a                DIO_voidSetPortDirection
                0x000004ac                DIO_voidTogglePinValue
                0x000005f8                DIO_voidGetPinValue
                0x000004f2                DIO_voidSetPinDirection
                0x000006aa                . = ALIGN (0x2)
 *(.text.*)
 .text.decrease2per
                0x000006aa       0x20 main.o
                0x000006aa                decrease2per
 .text.incraese2per
                0x000006ca       0x1e main.o
                0x000006ca                incraese2per
 .text.main     0x000006e8       0x4a main.o
                0x000006e8                main
 .text.EXTINT_voidEnable
                0x00000732      0x110 ../../MCAL/EXT\libext.a(ext.o)
                0x00000732                EXTINT_voidEnable
 .text.EXTINT_voidSetCallBack
                0x00000842       0x12 ../../MCAL/EXT\libext.a(ext.o)
                0x00000842                EXTINT_voidSetCallBack
 .text.__vector_1
                0x00000854       0x58 ../../MCAL/EXT\libext.a(ext.o)
                0x00000854                __vector_1
 .text.__vector_2
                0x000008ac       0x58 ../../MCAL/EXT\libext.a(ext.o)
                0x000008ac                __vector_2
 .text.__vector_3
                0x00000904       0x58 ../../MCAL/EXT\libext.a(ext.o)
                0x00000904                __vector_3
 .text.GIE_voidGlobalInterruptEnable
                0x0000095c        0xc ../../MCAL/GIE\libgie.a(gie.o)
                0x0000095c                GIE_voidGlobalInterruptEnable
 .text.avr-libc.fplib
                0x00000968        0x4 c:/users/ali mahmoud/desktop/embedded learning/tools/imt_sdk_win_32/winavr/bin/../lib/gcc/avr/4.3.3/../../../../avr/lib/avr5\libm.a(divsf3.o)
                0x00000968                __divsf3
 .text.avr-libc.fplib
                0x0000096c       0xcc c:/users/ali mahmoud/desktop/embedded learning/tools/imt_sdk_win_32/winavr/bin/../lib/gcc/avr/4.3.3/../../../../avr/lib/avr5\libm.a(divsf3x.o)
                0x00000982                __divsf3x
                0x00000986                __divsf3_pse
 .text.avr-libc.fplib
                0x00000a38       0x58 c:/users/ali mahmoud/desktop/embedded learning/tools/imt_sdk_win_32/winavr/bin/../lib/gcc/avr/4.3.3/../../../../avr/lib/avr5\libm.a(fixunssfsi.o)
                0x00000a38                __fixunssfsi
 .text.avr-libc.fplib
                0x00000a90       0x7a c:/users/ali mahmoud/desktop/embedded learning/tools/imt_sdk_win_32/winavr/bin/../lib/gcc/avr/4.3.3/../../../../avr/lib/avr5\libm.a(floatsisf.o)
                0x00000a94                __floatsisf
                0x00000a90                __floatunsisf
 .text.avr-libc.fplib
                0x00000b0a        0xc c:/users/ali mahmoud/desktop/embedded learning/tools/imt_sdk_win_32/winavr/bin/../lib/gcc/avr/4.3.3/../../../../avr/lib/avr5\libm.a(fp_inf.o)
                0x00000b0a                __fp_inf
 .text.avr-libc.fplib
                0x00000b16        0x6 c:/users/ali mahmoud/desktop/embedded learning/tools/imt_sdk_win_32/winavr/bin/../lib/gcc/avr/4.3.3/../../../../avr/lib/avr5\libm.a(fp_nan.o)
                0x00000b16                __fp_nan
 .text.avr-libc.fplib
                0x00000b1c        0xe c:/users/ali mahmoud/desktop/embedded learning/tools/imt_sdk_win_32/winavr/bin/../lib/gcc/avr/4.3.3/../../../../avr/lib/avr5\libm.a(fp_pscA.o)
                0x00000b1c                __fp_pscA
 .text.avr-libc.fplib
                0x00000b2a        0xe c:/users/ali mahmoud/desktop/embedded learning/tools/imt_sdk_win_32/winavr/bin/../lib/gcc/avr/4.3.3/../../../../avr/lib/avr5\libm.a(fp_pscB.o)
                0x00000b2a                __fp_pscB
 .text.avr-libc.fplib
                0x00000b38       0x22 c:/users/ali mahmoud/desktop/embedded learning/tools/imt_sdk_win_32/winavr/bin/../lib/gcc/avr/4.3.3/../../../../avr/lib/avr5\libm.a(fp_round.o)
                0x00000b38                __fp_round
 .text.avr-libc.fplib
                0x00000b5a       0x44 c:/users/ali mahmoud/desktop/embedded learning/tools/imt_sdk_win_32/winavr/bin/../lib/gcc/avr/4.3.3/../../../../avr/lib/avr5\libm.a(fp_split3.o)
                0x00000b5a                __fp_split3
                0x00000b6a                __fp_splitA
 .text.avr-libc.fplib
                0x00000b9e        0xe c:/users/ali mahmoud/desktop/embedded learning/tools/imt_sdk_win_32/winavr/bin/../lib/gcc/avr/4.3.3/../../../../avr/lib/avr5\libm.a(fp_zero.o)
                0x00000b9e                __fp_zero
                0x00000ba0                __fp_szero
 .text.avr-libc.fplib
                0x00000bac        0x4 c:/users/ali mahmoud/desktop/embedded learning/tools/imt_sdk_win_32/winavr/bin/../lib/gcc/avr/4.3.3/../../../../avr/lib/avr5\libm.a(mulsf3.o)
                0x00000bac                __mulsf3
 .text.avr-libc.fplib
                0x00000bb0       0xc2 c:/users/ali mahmoud/desktop/embedded learning/tools/imt_sdk_win_32/winavr/bin/../lib/gcc/avr/4.3.3/../../../../avr/lib/avr5\libm.a(mulsf3x.o)
                0x00000bc8                __mulsf3_pse
                0x00000bc4                __mulsf3x
                0x00000c72                . = ALIGN (0x2)
 *(.fini9)
 .fini9         0x00000c72        0x0 c:/users/ali mahmoud/desktop/embedded learning/tools/imt_sdk_win_32/winavr/bin/../lib/gcc/avr/4.3.3/avr5\libgcc.a(_exit.o)
                0x00000c72                exit
                0x00000c72                _exit
 *(.fini9)
 *(.fini8)
 *(.fini8)
 *(.fini7)
 *(.fini7)
 *(.fini6)
 *(.fini6)
 *(.fini5)
 *(.fini5)
 *(.fini4)
 *(.fini4)
 *(.fini3)
 *(.fini3)
 *(.fini2)
 *(.fini2)
 *(.fini1)
 *(.fini1)
 *(.fini0)
 .fini0         0x00000c72        0x4 c:/users/ali mahmoud/desktop/embedded learning/tools/imt_sdk_win_32/winavr/bin/../lib/gcc/avr/4.3.3/avr5\libgcc.a(_exit.o)
 *(.fini0)
                0x00000c76                _etext = .

.data           0x00800060        0x0 load address 0x00000c76
                0x00800060                PROVIDE (__data_start, .)
 *(.data)
 *(.data*)
 *(.rodata)
 *(.rodata*)
 *(.gnu.linkonce.d*)
                0x00800060                . = ALIGN (0x2)
                0x00800060                _edata = .
                0x00800060                PROVIDE (__data_end, .)

.bss            0x00800060       0x15
                0x00800060                PROVIDE (__bss_start, .)
 *(.bss)
 .bss           0x00800060        0xe ../../MCAL/TIMER\libtimer.a(timer.o)
                0x00800064                cmpMatchCallB_T1_1
                0x00800062                overFlowCallB_T0
                0x00800060                cmpMatchCallB_T0
                0x0080006c                overFlowCallB_T2
                0x00800066                cmpMatchCallB_T1_2
                0x0080006a                cmpMatchCallB_T2
                0x00800068                overFlowCallB_T1
 *(.bss*)
 .bss.duty_cycle
                0x0080006e        0x1 main.o
                0x0080006e                duty_cycle
 .bss.EXTINT_ApfuncEXTINT
                0x0080006f        0x6 ../../MCAL/EXT\libext.a(ext.o)
 *(COMMON)
                0x00800075                PROVIDE (__bss_end, .)
                0x00000c76                __data_load_start = LOADADDR (.data)
                0x00000c76                __data_load_end = (__data_load_start + SIZEOF (.data))

.noinit         0x00800075        0x0
                0x00800075                PROVIDE (__noinit_start, .)
 *(.noinit*)
                0x00800075                PROVIDE (__noinit_end, .)
                0x00800075                _end = .
                0x00800075                PROVIDE (__heap_start, .)

.eeprom         0x00810000        0x0
 *(.eeprom*)
                0x00810000                __eeprom_end = .

.fuse
 *(.fuse)
 *(.lfuse)
 *(.hfuse)
 *(.efuse)

.lock
 *(.lock*)

.signature
 *(.signature*)

.stab           0x00000000      0xd14
 *(.stab)
 .stab          0x00000000      0x7d4 ../../MCAL/TIMER\libtimer.a(timer.o)
 .stab          0x000007d4      0x540 ../../MCAL/DIO\libdio.a(dio.o)
                                0x5b8 (size before relaxing)

.stabstr        0x00000000      0x8a9
 *(.stabstr)
 .stabstr       0x00000000      0x8a9 ../../MCAL/TIMER\libtimer.a(timer.o)

.stab.excl
 *(.stab.excl)

.stab.exclstr
 *(.stab.exclstr)

.stab.index
 *(.stab.index)

.stab.indexstr
 *(.stab.indexstr)

.comment
 *(.comment)

.debug
 *(.debug)

.line
 *(.line)

.debug_srcinfo
 *(.debug_srcinfo)

.debug_sfnames
 *(.debug_sfnames)

.debug_aranges  0x00000000       0xa0
 *(.debug_aranges)
 .debug_aranges
                0x00000000       0x30 main.o
 .debug_aranges
                0x00000030       0x48 ../../MCAL/EXT\libext.a(ext.o)
 .debug_aranges
                0x00000078       0x28 ../../MCAL/GIE\libgie.a(gie.o)

.debug_pubnames
                0x00000000      0x12a
 *(.debug_pubnames)
 .debug_pubnames
                0x00000000       0x4c main.o
 .debug_pubnames
                0x0000004c       0x87 ../../MCAL/EXT\libext.a(ext.o)
 .debug_pubnames
                0x000000d3       0x57 ../../MCAL/GIE\libgie.a(gie.o)

.debug_info     0x00000000      0x2ba
 *(.debug_info)
 .debug_info    0x00000000       0xc5 main.o
 .debug_info    0x000000c5      0x16b ../../MCAL/EXT\libext.a(ext.o)
 .debug_info    0x00000230       0x8a ../../MCAL/GIE\libgie.a(gie.o)
 *(.gnu.linkonce.wi.*)

.debug_abbrev   0x00000000      0x15e
 *(.debug_abbrev)
 .debug_abbrev  0x00000000       0x76 main.o
 .debug_abbrev  0x00000076       0xb2 ../../MCAL/EXT\libext.a(ext.o)
 .debug_abbrev  0x00000128       0x36 ../../MCAL/GIE\libgie.a(gie.o)

.debug_line     0x00000000      0x391
 *(.debug_line)
 .debug_line    0x00000000      0x127 main.o
 .debug_line    0x00000127      0x1d7 ../../MCAL/EXT\libext.a(ext.o)
 .debug_line    0x000002fe       0x93 ../../MCAL/GIE\libgie.a(gie.o)

.debug_frame    0x00000000       0xe0
 *(.debug_frame)
 .debug_frame   0x00000000       0x40 main.o
 .debug_frame   0x00000040       0x70 ../../MCAL/EXT\libext.a(ext.o)
 .debug_frame   0x000000b0       0x30 ../../MCAL/GIE\libgie.a(gie.o)

.debug_str      0x00000000      0x27b
 *(.debug_str)
 .debug_str     0x00000000       0xe1 main.o
                                 0xed (size before relaxing)
 .debug_str     0x000000e1      0x10a ../../MCAL/EXT\libext.a(ext.o)
                                0x175 (size before relaxing)
 .debug_str     0x000001eb       0x90 ../../MCAL/GIE\libgie.a(gie.o)
                                 0xfb (size before relaxing)

.debug_loc      0x00000000       0xf9
 *(.debug_loc)
 .debug_loc     0x00000000       0xf9 ../../MCAL/EXT\libext.a(ext.o)

.debug_macinfo
 *(.debug_macinfo)
OUTPUT(Main.elf elf32-avr)
LOAD linker stubs

.debug_ranges   0x00000000       0x88
 .debug_ranges  0x00000000       0x28 main.o
 .debug_ranges  0x00000028       0x40 ../../MCAL/EXT\libext.a(ext.o)
 .debug_ranges  0x00000068       0x20 ../../MCAL/GIE\libgie.a(gie.o)
