Archive member included because of file (symbol)

04-KPD\libkpd.a(kpd.o)        main.o (KPD_u8GetPressedKey)
01-DIO\libdio.a(dio.o)        04-KPD\libkpd.a(kpd.o) (DIO_voidSetPinValue)
05-UART\libuart.a(uart.o)     main.o (UART_voidInit)
c:/users/ali mahmoud/desktop/embedded learning/tools/imt_sdk_win_32/winavr/bin/../lib/gcc/avr/4.3.3/avr5\libgcc.a(_exit.o)
                              c:/users/ali mahmoud/desktop/embedded learning/tools/imt_sdk_win_32/winavr/bin/../lib/gcc/avr/4.3.3/../../../../avr/lib/avr5/crtm32.o (exit)
c:/users/ali mahmoud/desktop/embedded learning/tools/imt_sdk_win_32/winavr/bin/../lib/gcc/avr/4.3.3/avr5\libgcc.a(_copy_data.o)
                              04-KPD\libkpd.a(kpd.o) (__do_copy_data)

Discarded input sections

 .data          0x00000000        0x0 c:/users/ali mahmoud/desktop/embedded learning/tools/imt_sdk_win_32/winavr/bin/../lib/gcc/avr/4.3.3/../../../../avr/lib/avr5/crtm32.o
 .bss           0x00000000        0x0 c:/users/ali mahmoud/desktop/embedded learning/tools/imt_sdk_win_32/winavr/bin/../lib/gcc/avr/4.3.3/../../../../avr/lib/avr5/crtm32.o
 .text          0x00000000        0x0 main.o
 .data          0x00000000        0x0 main.o
 .bss           0x00000000        0x0 main.o
 .text          0x00000000        0x0 04-KPD\libkpd.a(kpd.o)
 .data          0x00000000        0x0 04-KPD\libkpd.a(kpd.o)
 .bss           0x00000000        0x0 04-KPD\libkpd.a(kpd.o)
 .text          0x00000000        0x0 01-DIO\libdio.a(dio.o)
 .data          0x00000000        0x0 01-DIO\libdio.a(dio.o)
 .bss           0x00000000        0x0 01-DIO\libdio.a(dio.o)
 .text.DIO_voidSetPortValue
                0x00000000        0x0 01-DIO\libdio.a(dio.o)
 .text.DIO_voidSetPortDirection
                0x00000000        0x0 01-DIO\libdio.a(dio.o)
 .text.DIO_voidGetPortValue
                0x00000000        0x0 01-DIO\libdio.a(dio.o)
 .text          0x00000000        0x0 05-UART\libuart.a(uart.o)
 .data          0x00000000        0x0 05-UART\libuart.a(uart.o)
 .bss           0x00000000        0x0 05-UART\libuart.a(uart.o)
 .text.UART_voidGetChar
                0x00000000        0x0 05-UART\libuart.a(uart.o)
 .text.UART_voidGetString
                0x00000000        0x0 05-UART\libuart.a(uart.o)
 .text.UART_voidSendString
                0x00000000        0x0 05-UART\libuart.a(uart.o)
 .text          0x00000000        0x0 c:/users/ali mahmoud/desktop/embedded learning/tools/imt_sdk_win_32/winavr/bin/../lib/gcc/avr/4.3.3/avr5\libgcc.a(_exit.o)
 .data          0x00000000        0x0 c:/users/ali mahmoud/desktop/embedded learning/tools/imt_sdk_win_32/winavr/bin/../lib/gcc/avr/4.3.3/avr5\libgcc.a(_exit.o)
 .bss           0x00000000        0x0 c:/users/ali mahmoud/desktop/embedded learning/tools/imt_sdk_win_32/winavr/bin/../lib/gcc/avr/4.3.3/avr5\libgcc.a(_exit.o)
 .text.libgcc   0x00000000        0x0 c:/users/ali mahmoud/desktop/embedded learning/tools/imt_sdk_win_32/winavr/bin/../lib/gcc/avr/4.3.3/avr5\libgcc.a(_exit.o)
 .text          0x00000000        0x0 c:/users/ali mahmoud/desktop/embedded learning/tools/imt_sdk_win_32/winavr/bin/../lib/gcc/avr/4.3.3/avr5\libgcc.a(_copy_data.o)
 .data          0x00000000        0x0 c:/users/ali mahmoud/desktop/embedded learning/tools/imt_sdk_win_32/winavr/bin/../lib/gcc/avr/4.3.3/avr5\libgcc.a(_copy_data.o)
 .bss           0x00000000        0x0 c:/users/ali mahmoud/desktop/embedded learning/tools/imt_sdk_win_32/winavr/bin/../lib/gcc/avr/4.3.3/avr5\libgcc.a(_copy_data.o)
 .text.libgcc   0x00000000        0x0 c:/users/ali mahmoud/desktop/embedded learning/tools/imt_sdk_win_32/winavr/bin/../lib/gcc/avr/4.3.3/avr5\libgcc.a(_copy_data.o)

Memory Configuration

Name             Origin             Length             Attributes
text             0x00000000         0x00020000         xr
data             0x00800060         0x0000ffa0         rw !x
eeprom           0x00810000         0x00010000         rw !x
fuse             0x00820000         0x00000400         rw !x
lock             0x00830000         0x00000400         rw !x
signature        0x00840000         0x00000400         rw !x
*default*        0x00000000         0xffffffff

Linker script and memory map

LOAD c:/users/ali mahmoud/desktop/embedded learning/tools/imt_sdk_win_32/winavr/bin/../lib/gcc/avr/4.3.3/../../../../avr/lib/avr5/crtm32.o
LOAD main.o
LOAD 04-KPD\libkpd.a
LOAD 01-DIO\libdio.a
LOAD 05-UART\libuart.a
START GROUP
LOAD c:/users/ali mahmoud/desktop/embedded learning/tools/imt_sdk_win_32/winavr/bin/../lib/gcc/avr/4.3.3/../../../../avr/lib/avr5\libm.a
END GROUP
LOAD c:/users/ali mahmoud/desktop/embedded learning/tools/imt_sdk_win_32/winavr/bin/../lib/gcc/avr/4.3.3/avr5\libgcc.a
LOAD c:/users/ali mahmoud/desktop/embedded learning/tools/imt_sdk_win_32/winavr/bin/../lib/gcc/avr/4.3.3/../../../../avr/lib/avr5\libc.a
LOAD c:/users/ali mahmoud/desktop/embedded learning/tools/imt_sdk_win_32/winavr/bin/../lib/gcc/avr/4.3.3/avr5\libgcc.a

.hash
 *(.hash)

.dynsym
 *(.dynsym)

.dynstr
 *(.dynstr)

.gnu.version
 *(.gnu.version)

.gnu.version_d
 *(.gnu.version_d)

.gnu.version_r
 *(.gnu.version_r)

.rel.init
 *(.rel.init)

.rela.init
 *(.rela.init)

.rel.text
 *(.rel.text)
 *(.rel.text.*)
 *(.rel.gnu.linkonce.t*)

.rela.text
 *(.rela.text)
 *(.rela.text.*)
 *(.rela.gnu.linkonce.t*)

.rel.fini
 *(.rel.fini)

.rela.fini
 *(.rela.fini)

.rel.rodata
 *(.rel.rodata)
 *(.rel.rodata.*)
 *(.rel.gnu.linkonce.r*)

.rela.rodata
 *(.rela.rodata)
 *(.rela.rodata.*)
 *(.rela.gnu.linkonce.r*)

.rel.data
 *(.rel.data)
 *(.rel.data.*)
 *(.rel.gnu.linkonce.d*)

.rela.data
 *(.rela.data)
 *(.rela.data.*)
 *(.rela.gnu.linkonce.d*)

.rel.ctors
 *(.rel.ctors)

.rela.ctors
 *(.rela.ctors)

.rel.dtors
 *(.rel.dtors)

.rela.dtors
 *(.rela.dtors)

.rel.got
 *(.rel.got)

.rela.got
 *(.rela.got)

.rel.bss
 *(.rel.bss)

.rela.bss
 *(.rela.bss)

.rel.plt
 *(.rel.plt)

.rela.plt
 *(.rela.plt)

.text           0x00000000      0x51c
 *(.vectors)
 .vectors       0x00000000       0x54 c:/users/ali mahmoud/desktop/embedded learning/tools/imt_sdk_win_32/winavr/bin/../lib/gcc/avr/4.3.3/../../../../avr/lib/avr5/crtm32.o
                0x00000000                __vectors
                0x00000000                __vector_default
 *(.vectors)
 *(.progmem.gcc*)
 *(.progmem*)
                0x00000054                . = ALIGN (0x2)
                0x00000054                __trampolines_start = .
 *(.trampolines)
 .trampolines   0x00000054        0x0 linker stubs
 *(.trampolines*)
                0x00000054                __trampolines_end = .
 *(.jumptables)
 *(.jumptables*)
 *(.lowtext)
 *(.lowtext*)
                0x00000054                __ctors_start = .
 *(.ctors)
                0x00000054                __ctors_end = .
                0x00000054                __dtors_start = .
 *(.dtors)
                0x00000054                __dtors_end = .
 SORT(*)(.ctors)
 SORT(*)(.dtors)
 *(.init0)
 .init0         0x00000054        0x0 c:/users/ali mahmoud/desktop/embedded learning/tools/imt_sdk_win_32/winavr/bin/../lib/gcc/avr/4.3.3/../../../../avr/lib/avr5/crtm32.o
                0x00000054                __init
 *(.init0)
 *(.init1)
 *(.init1)
 *(.init2)
 .init2         0x00000054        0xc c:/users/ali mahmoud/desktop/embedded learning/tools/imt_sdk_win_32/winavr/bin/../lib/gcc/avr/4.3.3/../../../../avr/lib/avr5/crtm32.o
 *(.init2)
 *(.init3)
 *(.init3)
 *(.init4)
 .init4         0x00000060       0x16 c:/users/ali mahmoud/desktop/embedded learning/tools/imt_sdk_win_32/winavr/bin/../lib/gcc/avr/4.3.3/avr5\libgcc.a(_copy_data.o)
                0x00000060                __do_copy_data
 *(.init4)
 *(.init5)
 *(.init5)
 *(.init6)
 *(.init6)
 *(.init7)
 *(.init7)
 *(.init8)
 *(.init8)
 *(.init9)
 .init9         0x00000076        0x8 c:/users/ali mahmoud/desktop/embedded learning/tools/imt_sdk_win_32/winavr/bin/../lib/gcc/avr/4.3.3/../../../../avr/lib/avr5/crtm32.o
 *(.init9)
 *(.text)
 .text          0x0000007e        0x4 c:/users/ali mahmoud/desktop/embedded learning/tools/imt_sdk_win_32/winavr/bin/../lib/gcc/avr/4.3.3/../../../../avr/lib/avr5/crtm32.o
                0x0000007e                __vector_1
                0x0000007e                __vector_12
                0x0000007e                __bad_interrupt
                0x0000007e                __vector_6
                0x0000007e                __vector_3
                0x0000007e                __vector_11
                0x0000007e                __vector_13
                0x0000007e                __vector_17
                0x0000007e                __vector_19
                0x0000007e                __vector_7
                0x0000007e                __vector_5
                0x0000007e                __vector_4
                0x0000007e                __vector_9
                0x0000007e                __vector_2
                0x0000007e                __vector_15
                0x0000007e                __vector_8
                0x0000007e                __vector_14
                0x0000007e                __vector_10
                0x0000007e                __vector_16
                0x0000007e                __vector_18
                0x0000007e                __vector_20
                0x00000082                . = ALIGN (0x2)
 *(.text.*)
 .text.main     0x00000082       0x16 main.o
                0x00000082                main
 .text.KPD_u8GetPressedKey
                0x00000098      0x12c 04-KPD\libkpd.a(kpd.o)
                0x00000098                KPD_u8GetPressedKey
 .text.KPD_voidInit
                0x000001c4       0x7a 04-KPD\libkpd.a(kpd.o)
                0x000001c4                KPD_voidInit
 .text.DIO_voidSetPinValue
                0x0000023e      0x128 01-DIO\libdio.a(dio.o)
                0x0000023e                DIO_voidSetPinValue
 .text.DIO_voidSetPinDirection
                0x00000366      0x128 01-DIO\libdio.a(dio.o)
                0x00000366                DIO_voidSetPinDirection
 .text.DIO_voidGetPinValue
                0x0000048e       0x66 01-DIO\libdio.a(dio.o)
                0x0000048e                DIO_voidGetPinValue
 .text.UART_voidInit
                0x000004f4       0x14 05-UART\libuart.a(uart.o)
                0x000004f4                UART_voidInit
 .text.UART_voidSendChar
                0x00000508       0x10 05-UART\libuart.a(uart.o)
                0x00000508                UART_voidSendChar
                0x00000518                . = ALIGN (0x2)
 *(.fini9)
 .fini9         0x00000518        0x0 c:/users/ali mahmoud/desktop/embedded learning/tools/imt_sdk_win_32/winavr/bin/../lib/gcc/avr/4.3.3/avr5\libgcc.a(_exit.o)
                0x00000518                exit
                0x00000518                _exit
 *(.fini9)
 *(.fini8)
 *(.fini8)
 *(.fini7)
 *(.fini7)
 *(.fini6)
 *(.fini6)
 *(.fini5)
 *(.fini5)
 *(.fini4)
 *(.fini4)
 *(.fini3)
 *(.fini3)
 *(.fini2)
 *(.fini2)
 *(.fini1)
 *(.fini1)
 *(.fini0)
 .fini0         0x00000518        0x4 c:/users/ali mahmoud/desktop/embedded learning/tools/imt_sdk_win_32/winavr/bin/../lib/gcc/avr/4.3.3/avr5\libgcc.a(_exit.o)
 *(.fini0)
                0x0000051c                _etext = .

.data           0x00800060       0x10 load address 0x0000051c
                0x00800060                PROVIDE (__data_start, .)
 *(.data)
 *(.data*)
 .data.KEYPAD_Au8Keys
                0x00800060       0x10 04-KPD\libkpd.a(kpd.o)
                0x00800060                KEYPAD_Au8Keys
 *(.rodata)
 *(.rodata*)
 *(.gnu.linkonce.d*)
                0x00800070                . = ALIGN (0x2)
                0x00800070                _edata = .
                0x00800070                PROVIDE (__data_end, .)

.bss            0x00800070        0x0
                0x00800070                PROVIDE (__bss_start, .)
 *(.bss)
 *(.bss*)
 *(COMMON)
                0x00800070                PROVIDE (__bss_end, .)
                0x0000051c                __data_load_start = LOADADDR (.data)
                0x0000052c                __data_load_end = (__data_load_start + SIZEOF (.data))

.noinit         0x00800070        0x0
                0x00800070                PROVIDE (__noinit_start, .)
 *(.noinit*)
                0x00800070                PROVIDE (__noinit_end, .)
                0x00800070                _end = .
                0x00800070                PROVIDE (__heap_start, .)

.eeprom         0x00810000        0x0
 *(.eeprom*)
                0x00810000                __eeprom_end = .

.fuse
 *(.fuse)
 *(.lfuse)
 *(.hfuse)
 *(.efuse)

.lock
 *(.lock*)

.signature
 *(.signature*)

.stab
 *(.stab)

.stabstr
 *(.stabstr)

.stab.excl
 *(.stab.excl)

.stab.exclstr
 *(.stab.exclstr)

.stab.index
 *(.stab.index)

.stab.indexstr
 *(.stab.indexstr)

.comment
 *(.comment)

.debug
 *(.debug)

.line
 *(.line)

.debug_srcinfo
 *(.debug_srcinfo)

.debug_sfnames
 *(.debug_sfnames)

.debug_aranges  0x00000000       0xd0
 *(.debug_aranges)
 .debug_aranges
                0x00000000       0x20 main.o
 .debug_aranges
                0x00000020       0x28 04-KPD\libkpd.a(kpd.o)
 .debug_aranges
                0x00000048       0x48 01-DIO\libdio.a(dio.o)
 .debug_aranges
                0x00000090       0x40 05-UART\libuart.a(uart.o)

.debug_pubnames
                0x00000000      0x194
 *(.debug_pubnames)
 .debug_pubnames
                0x00000000       0x1b main.o
 .debug_pubnames
                0x0000001b       0x4e 04-KPD\libkpd.a(kpd.o)
 .debug_pubnames
                0x00000069       0xad 01-DIO\libdio.a(dio.o)
 .debug_pubnames
                0x00000116       0x7e 05-UART\libuart.a(uart.o)

.debug_info     0x00000000      0x57e
 *(.debug_info)
 .debug_info    0x00000000       0x9e main.o
 .debug_info    0x0000009e      0x1c7 04-KPD\libkpd.a(kpd.o)
 .debug_info    0x00000265      0x1d7 01-DIO\libdio.a(dio.o)
 .debug_info    0x0000043c      0x142 05-UART\libuart.a(uart.o)
 *(.gnu.linkonce.wi.*)

.debug_abbrev   0x00000000      0x2cb
 *(.debug_abbrev)
 .debug_abbrev  0x00000000       0x5f main.o
 .debug_abbrev  0x0000005f      0x10b 04-KPD\libkpd.a(kpd.o)
 .debug_abbrev  0x0000016a       0xa2 01-DIO\libdio.a(dio.o)
 .debug_abbrev  0x0000020c       0xbf 05-UART\libuart.a(uart.o)

.debug_line     0x00000000      0x725
 *(.debug_line)
 .debug_line    0x00000000       0x98 main.o
 .debug_line    0x00000098      0x276 04-KPD\libkpd.a(kpd.o)
 .debug_line    0x0000030e      0x2c4 01-DIO\libdio.a(dio.o)
 .debug_line    0x000005d2      0x153 05-UART\libuart.a(uart.o)

.debug_frame    0x00000000      0x120
 *(.debug_frame)
 .debug_frame   0x00000000       0x20 main.o
 .debug_frame   0x00000020       0x30 04-KPD\libkpd.a(kpd.o)
 .debug_frame   0x00000050       0x70 01-DIO\libdio.a(dio.o)
 .debug_frame   0x000000c0       0x60 05-UART\libuart.a(uart.o)

.debug_str      0x00000000      0x3ed
 *(.debug_str)
 .debug_str     0x00000000       0x9e main.o
                                 0xc5 (size before relaxing)
 .debug_str     0x0000009e      0x16b 04-KPD\libkpd.a(kpd.o)
                                0x1e3 (size before relaxing)
 .debug_str     0x00000209      0x129 01-DIO\libdio.a(dio.o)
                                0x194 (size before relaxing)
 .debug_str     0x00000332       0xbb 05-UART\libuart.a(uart.o)
                                0x126 (size before relaxing)

.debug_loc      0x00000000      0x2ff
 *(.debug_loc)
 .debug_loc     0x00000000       0x13 main.o
 .debug_loc     0x00000013       0x2b 04-KPD\libkpd.a(kpd.o)
 .debug_loc     0x0000003e      0x23d 01-DIO\libdio.a(dio.o)
 .debug_loc     0x0000027b       0x84 05-UART\libuart.a(uart.o)

.debug_macinfo
 *(.debug_macinfo)
OUTPUT(Main.elf elf32-avr)
LOAD linker stubs

.debug_ranges   0x00000000       0xf8
 .debug_ranges  0x00000000       0x18 main.o
 .debug_ranges  0x00000018       0x68 04-KPD\libkpd.a(kpd.o)
 .debug_ranges  0x00000080       0x40 01-DIO\libdio.a(dio.o)
 .debug_ranges  0x000000c0       0x38 05-UART\libuart.a(uart.o)
