Archive member included because of file (symbol)

./MCAL/EXT\libext.a(ext.o)    main.o (EXTINT_voidEnable)
./MCAL/GIE\libgie.a(gie.o)    main.o (GIE_voidGlobalInterruptEnable)
./HAL/LED\libled.a(led.o)     main.o (led_toggle)
./MCAL/01-DIO\libdio.a(dio.o)
                              ./HAL/LED\libled.a(led.o) (DIO_voidSetPinValue)
c:/users/ali mahmoud/desktop/embedded learning/tools/imt_sdk_win_32/winavr/bin/../lib/gcc/avr/4.3.3/avr5\libgcc.a(_exit.o)
                              c:/users/ali mahmoud/desktop/embedded learning/tools/imt_sdk_win_32/winavr/bin/../lib/gcc/avr/4.3.3/../../../../avr/lib/avr5/crtm32.o (exit)
c:/users/ali mahmoud/desktop/embedded learning/tools/imt_sdk_win_32/winavr/bin/../lib/gcc/avr/4.3.3/avr5\libgcc.a(_copy_data.o)
                              main.o (__do_copy_data)
c:/users/ali mahmoud/desktop/embedded learning/tools/imt_sdk_win_32/winavr/bin/../lib/gcc/avr/4.3.3/avr5\libgcc.a(_clear_bss.o)
                              ./MCAL/EXT\libext.a(ext.o) (__do_clear_bss)

Discarded input sections

 .data          0x00000000        0x0 c:/users/ali mahmoud/desktop/embedded learning/tools/imt_sdk_win_32/winavr/bin/../lib/gcc/avr/4.3.3/../../../../avr/lib/avr5/crtm32.o
 .bss           0x00000000        0x0 c:/users/ali mahmoud/desktop/embedded learning/tools/imt_sdk_win_32/winavr/bin/../lib/gcc/avr/4.3.3/../../../../avr/lib/avr5/crtm32.o
 .text          0x00000000        0x0 main.o
 .data          0x00000000        0x0 main.o
 .bss           0x00000000        0x0 main.o
 .text          0x00000000        0x0 ./MCAL/EXT\libext.a(ext.o)
 .data          0x00000000        0x0 ./MCAL/EXT\libext.a(ext.o)
 .bss           0x00000000        0x0 ./MCAL/EXT\libext.a(ext.o)
 .text.EXTINT_voidDisable
                0x00000000        0x0 ./MCAL/EXT\libext.a(ext.o)
 .text          0x00000000        0x0 ./MCAL/GIE\libgie.a(gie.o)
 .data          0x00000000        0x0 ./MCAL/GIE\libgie.a(gie.o)
 .bss           0x00000000        0x0 ./MCAL/GIE\libgie.a(gie.o)
 .text.GIE_voidGlobalInterruptDisable
                0x00000000        0x0 ./MCAL/GIE\libgie.a(gie.o)
 .text          0x00000000        0x0 ./HAL/LED\libled.a(led.o)
 .data          0x00000000        0x0 ./HAL/LED\libled.a(led.o)
 .bss           0x00000000        0x0 ./HAL/LED\libled.a(led.o)
 .text          0x00000000        0x0 ./MCAL/01-DIO\libdio.a(dio.o)
 .data          0x00000000        0x0 ./MCAL/01-DIO\libdio.a(dio.o)
 .bss           0x00000000        0x0 ./MCAL/01-DIO\libdio.a(dio.o)
 .text.DIO_voidGetPortValue
                0x00000000        0x0 ./MCAL/01-DIO\libdio.a(dio.o)
 .text.DIO_voidSetPortDirection
                0x00000000        0x0 ./MCAL/01-DIO\libdio.a(dio.o)
 .text.DIO_voidSetPortValue
                0x00000000        0x0 ./MCAL/01-DIO\libdio.a(dio.o)
 .text          0x00000000        0x0 c:/users/ali mahmoud/desktop/embedded learning/tools/imt_sdk_win_32/winavr/bin/../lib/gcc/avr/4.3.3/avr5\libgcc.a(_exit.o)
 .data          0x00000000        0x0 c:/users/ali mahmoud/desktop/embedded learning/tools/imt_sdk_win_32/winavr/bin/../lib/gcc/avr/4.3.3/avr5\libgcc.a(_exit.o)
 .bss           0x00000000        0x0 c:/users/ali mahmoud/desktop/embedded learning/tools/imt_sdk_win_32/winavr/bin/../lib/gcc/avr/4.3.3/avr5\libgcc.a(_exit.o)
 .text.libgcc   0x00000000        0x0 c:/users/ali mahmoud/desktop/embedded learning/tools/imt_sdk_win_32/winavr/bin/../lib/gcc/avr/4.3.3/avr5\libgcc.a(_exit.o)
 .text          0x00000000        0x0 c:/users/ali mahmoud/desktop/embedded learning/tools/imt_sdk_win_32/winavr/bin/../lib/gcc/avr/4.3.3/avr5\libgcc.a(_copy_data.o)
 .data          0x00000000        0x0 c:/users/ali mahmoud/desktop/embedded learning/tools/imt_sdk_win_32/winavr/bin/../lib/gcc/avr/4.3.3/avr5\libgcc.a(_copy_data.o)
 .bss           0x00000000        0x0 c:/users/ali mahmoud/desktop/embedded learning/tools/imt_sdk_win_32/winavr/bin/../lib/gcc/avr/4.3.3/avr5\libgcc.a(_copy_data.o)
 .text.libgcc   0x00000000        0x0 c:/users/ali mahmoud/desktop/embedded learning/tools/imt_sdk_win_32/winavr/bin/../lib/gcc/avr/4.3.3/avr5\libgcc.a(_copy_data.o)
 .text          0x00000000        0x0 c:/users/ali mahmoud/desktop/embedded learning/tools/imt_sdk_win_32/winavr/bin/../lib/gcc/avr/4.3.3/avr5\libgcc.a(_clear_bss.o)
 .data          0x00000000        0x0 c:/users/ali mahmoud/desktop/embedded learning/tools/imt_sdk_win_32/winavr/bin/../lib/gcc/avr/4.3.3/avr5\libgcc.a(_clear_bss.o)
 .bss           0x00000000        0x0 c:/users/ali mahmoud/desktop/embedded learning/tools/imt_sdk_win_32/winavr/bin/../lib/gcc/avr/4.3.3/avr5\libgcc.a(_clear_bss.o)
 .text.libgcc   0x00000000        0x0 c:/users/ali mahmoud/desktop/embedded learning/tools/imt_sdk_win_32/winavr/bin/../lib/gcc/avr/4.3.3/avr5\libgcc.a(_clear_bss.o)

Memory Configuration

Name             Origin             Length             Attributes
text             0x00000000         0x00020000         xr
data             0x00800060         0x0000ffa0         rw !x
eeprom           0x00810000         0x00010000         rw !x
fuse             0x00820000         0x00000400         rw !x
lock             0x00830000         0x00000400         rw !x
signature        0x00840000         0x00000400         rw !x
*default*        0x00000000         0xffffffff

Linker script and memory map

LOAD c:/users/ali mahmoud/desktop/embedded learning/tools/imt_sdk_win_32/winavr/bin/../lib/gcc/avr/4.3.3/../../../../avr/lib/avr5/crtm32.o
LOAD main.o
LOAD ./MCAL/EXT\libext.a
LOAD ./MCAL/GIE\libgie.a
LOAD ./HAL/LED\libled.a
LOAD ./MCAL/01-DIO\libdio.a
START GROUP
LOAD c:/users/ali mahmoud/desktop/embedded learning/tools/imt_sdk_win_32/winavr/bin/../lib/gcc/avr/4.3.3/../../../../avr/lib/avr5\libm.a
END GROUP
LOAD c:/users/ali mahmoud/desktop/embedded learning/tools/imt_sdk_win_32/winavr/bin/../lib/gcc/avr/4.3.3/avr5\libgcc.a
LOAD c:/users/ali mahmoud/desktop/embedded learning/tools/imt_sdk_win_32/winavr/bin/../lib/gcc/avr/4.3.3/../../../../avr/lib/avr5\libc.a
LOAD c:/users/ali mahmoud/desktop/embedded learning/tools/imt_sdk_win_32/winavr/bin/../lib/gcc/avr/4.3.3/avr5\libgcc.a

.hash
 *(.hash)

.dynsym
 *(.dynsym)

.dynstr
 *(.dynstr)

.gnu.version
 *(.gnu.version)

.gnu.version_d
 *(.gnu.version_d)

.gnu.version_r
 *(.gnu.version_r)

.rel.init
 *(.rel.init)

.rela.init
 *(.rela.init)

.rel.text
 *(.rel.text)
 *(.rel.text.*)
 *(.rel.gnu.linkonce.t*)

.rela.text
 *(.rela.text)
 *(.rela.text.*)
 *(.rela.gnu.linkonce.t*)

.rel.fini
 *(.rel.fini)

.rela.fini
 *(.rela.fini)

.rel.rodata
 *(.rel.rodata)
 *(.rel.rodata.*)
 *(.rel.gnu.linkonce.r*)

.rela.rodata
 *(.rela.rodata)
 *(.rela.rodata.*)
 *(.rela.gnu.linkonce.r*)

.rel.data
 *(.rel.data)
 *(.rel.data.*)
 *(.rel.gnu.linkonce.d*)

.rela.data
 *(.rela.data)
 *(.rela.data.*)
 *(.rela.gnu.linkonce.d*)

.rel.ctors
 *(.rel.ctors)

.rela.ctors
 *(.rela.ctors)

.rel.dtors
 *(.rel.dtors)

.rela.dtors
 *(.rela.dtors)

.rel.got
 *(.rel.got)

.rela.got
 *(.rela.got)

.rel.bss
 *(.rel.bss)

.rela.bss
 *(.rela.bss)

.rel.plt
 *(.rel.plt)

.rela.plt
 *(.rela.plt)

.text           0x00000000      0x69c
 *(.vectors)
 .vectors       0x00000000       0x54 c:/users/ali mahmoud/desktop/embedded learning/tools/imt_sdk_win_32/winavr/bin/../lib/gcc/avr/4.3.3/../../../../avr/lib/avr5/crtm32.o
                0x00000000                __vectors
                0x00000000                __vector_default
 *(.vectors)
 *(.progmem.gcc*)
 *(.progmem*)
                0x00000054                . = ALIGN (0x2)
                0x00000054                __trampolines_start = .
 *(.trampolines)
 .trampolines   0x00000054        0x0 linker stubs
 *(.trampolines*)
                0x00000054                __trampolines_end = .
 *(.jumptables)
 *(.jumptables*)
 *(.lowtext)
 *(.lowtext*)
                0x00000054                __ctors_start = .
 *(.ctors)
                0x00000054                __ctors_end = .
                0x00000054                __dtors_start = .
 *(.dtors)
                0x00000054                __dtors_end = .
 SORT(*)(.ctors)
 SORT(*)(.dtors)
 *(.init0)
 .init0         0x00000054        0x0 c:/users/ali mahmoud/desktop/embedded learning/tools/imt_sdk_win_32/winavr/bin/../lib/gcc/avr/4.3.3/../../../../avr/lib/avr5/crtm32.o
                0x00000054                __init
 *(.init0)
 *(.init1)
 *(.init1)
 *(.init2)
 .init2         0x00000054        0xc c:/users/ali mahmoud/desktop/embedded learning/tools/imt_sdk_win_32/winavr/bin/../lib/gcc/avr/4.3.3/../../../../avr/lib/avr5/crtm32.o
 *(.init2)
 *(.init3)
 *(.init3)
 *(.init4)
 .init4         0x00000060       0x16 c:/users/ali mahmoud/desktop/embedded learning/tools/imt_sdk_win_32/winavr/bin/../lib/gcc/avr/4.3.3/avr5\libgcc.a(_copy_data.o)
                0x00000060                __do_copy_data
 .init4         0x00000076       0x10 c:/users/ali mahmoud/desktop/embedded learning/tools/imt_sdk_win_32/winavr/bin/../lib/gcc/avr/4.3.3/avr5\libgcc.a(_clear_bss.o)
                0x00000076                __do_clear_bss
 *(.init4)
 *(.init5)
 *(.init5)
 *(.init6)
 *(.init6)
 *(.init7)
 *(.init7)
 *(.init8)
 *(.init8)
 *(.init9)
 .init9         0x00000086        0x8 c:/users/ali mahmoud/desktop/embedded learning/tools/imt_sdk_win_32/winavr/bin/../lib/gcc/avr/4.3.3/../../../../avr/lib/avr5/crtm32.o
 *(.init9)
 *(.text)
 .text          0x0000008e        0x4 c:/users/ali mahmoud/desktop/embedded learning/tools/imt_sdk_win_32/winavr/bin/../lib/gcc/avr/4.3.3/../../../../avr/lib/avr5/crtm32.o
                0x0000008e                __vector_12
                0x0000008e                __bad_interrupt
                0x0000008e                __vector_6
                0x0000008e                __vector_11
                0x0000008e                __vector_13
                0x0000008e                __vector_17
                0x0000008e                __vector_19
                0x0000008e                __vector_7
                0x0000008e                __vector_5
                0x0000008e                __vector_4
                0x0000008e                __vector_9
                0x0000008e                __vector_15
                0x0000008e                __vector_8
                0x0000008e                __vector_14
                0x0000008e                __vector_10
                0x0000008e                __vector_16
                0x0000008e                __vector_18
                0x0000008e                __vector_20
                0x00000092                . = ALIGN (0x2)
 *(.text.*)
 .text.led_ON_callBack
                0x00000092       0x16 main.o
                0x00000092                led_ON_callBack
 .text.main     0x000000a8       0x2c main.o
                0x000000a8                main
 .text.EXTINT_voidEnable
                0x000000d4      0x110 ./MCAL/EXT\libext.a(ext.o)
                0x000000d4                EXTINT_voidEnable
 .text.EXTINT_voidSetCallBack
                0x000001e4       0x12 ./MCAL/EXT\libext.a(ext.o)
                0x000001e4                EXTINT_voidSetCallBack
 .text.__vector_1
                0x000001f6       0x4e ./MCAL/EXT\libext.a(ext.o)
                0x000001f6                __vector_1
 .text.__vector_2
                0x00000244       0x4e ./MCAL/EXT\libext.a(ext.o)
                0x00000244                __vector_2
 .text.__vector_3
                0x00000292       0x4e ./MCAL/EXT\libext.a(ext.o)
                0x00000292                __vector_3
 .text.GIE_voidGlobalInterruptEnable
                0x000002e0        0xc ./MCAL/GIE\libgie.a(gie.o)
                0x000002e0                GIE_voidGlobalInterruptEnable
 .text.led_off  0x000002ec       0x20 ./HAL/LED\libled.a(led.o)
                0x000002ec                led_off
 .text.led_on   0x0000030c       0x20 ./HAL/LED\libled.a(led.o)
                0x0000030c                led_on
 .text.led_toggle
                0x0000032c       0x4c ./HAL/LED\libled.a(led.o)
                0x0000032c                led_toggle
 .text.led_init
                0x00000378       0x6a ./HAL/LED\libled.a(led.o)
                0x00000378                led_init
 .text.DIO_voidSetPinValue
                0x000003e2      0x128 ./MCAL/01-DIO\libdio.a(dio.o)
                0x000003e2                DIO_voidSetPinValue
 .text.DIO_voidSetPinDirection
                0x0000050a      0x128 ./MCAL/01-DIO\libdio.a(dio.o)
                0x0000050a                DIO_voidSetPinDirection
 .text.DIO_voidGetPinValue
                0x00000632       0x66 ./MCAL/01-DIO\libdio.a(dio.o)
                0x00000632                DIO_voidGetPinValue
                0x00000698                . = ALIGN (0x2)
 *(.fini9)
 .fini9         0x00000698        0x0 c:/users/ali mahmoud/desktop/embedded learning/tools/imt_sdk_win_32/winavr/bin/../lib/gcc/avr/4.3.3/avr5\libgcc.a(_exit.o)
                0x00000698                exit
                0x00000698                _exit
 *(.fini9)
 *(.fini8)
 *(.fini8)
 *(.fini7)
 *(.fini7)
 *(.fini6)
 *(.fini6)
 *(.fini5)
 *(.fini5)
 *(.fini4)
 *(.fini4)
 *(.fini3)
 *(.fini3)
 *(.fini2)
 *(.fini2)
 *(.fini1)
 *(.fini1)
 *(.fini0)
 .fini0         0x00000698        0x4 c:/users/ali mahmoud/desktop/embedded learning/tools/imt_sdk_win_32/winavr/bin/../lib/gcc/avr/4.3.3/avr5\libgcc.a(_exit.o)
 *(.fini0)
                0x0000069c                _etext = .

.data           0x00800060        0x4 load address 0x0000069c
                0x00800060                PROVIDE (__data_start, .)
 *(.data)
 *(.data*)
 .data.led1     0x00800060        0x4 main.o
                0x00800060                led1
 *(.rodata)
 *(.rodata*)
 *(.gnu.linkonce.d*)
                0x00800064                . = ALIGN (0x2)
                0x00800064                _edata = .
                0x00800064                PROVIDE (__data_end, .)

.bss            0x00800064        0x6
                0x00800064                PROVIDE (__bss_start, .)
 *(.bss)
 *(.bss*)
 .bss.EXTINT_ApfuncEXTINT
                0x00800064        0x6 ./MCAL/EXT\libext.a(ext.o)
 *(COMMON)
                0x0080006a                PROVIDE (__bss_end, .)
                0x0000069c                __data_load_start = LOADADDR (.data)
                0x000006a0                __data_load_end = (__data_load_start + SIZEOF (.data))

.noinit         0x0080006a        0x0
                0x0080006a                PROVIDE (__noinit_start, .)
 *(.noinit*)
                0x0080006a                PROVIDE (__noinit_end, .)
                0x0080006a                _end = .
                0x0080006a                PROVIDE (__heap_start, .)

.eeprom         0x00810000        0x0
 *(.eeprom*)
                0x00810000                __eeprom_end = .

.fuse
 *(.fuse)
 *(.lfuse)
 *(.hfuse)
 *(.efuse)

.lock
 *(.lock*)

.signature
 *(.signature*)

.stab
 *(.stab)

.stabstr
 *(.stabstr)

.stab.excl
 *(.stab.excl)

.stab.exclstr
 *(.stab.exclstr)

.stab.index
 *(.stab.index)

.stab.indexstr
 *(.stab.indexstr)

.comment
 *(.comment)

.debug
 *(.debug)

.line
 *(.line)

.debug_srcinfo
 *(.debug_srcinfo)

.debug_sfnames
 *(.debug_sfnames)

.debug_aranges  0x00000000      0x118
 *(.debug_aranges)
 .debug_aranges
                0x00000000       0x28 main.o
 .debug_aranges
                0x00000028       0x48 ./MCAL/EXT\libext.a(ext.o)
 .debug_aranges
                0x00000070       0x28 ./MCAL/GIE\libgie.a(gie.o)
 .debug_aranges
                0x00000098       0x38 ./HAL/LED\libled.a(led.o)
 .debug_aranges
                0x000000d0       0x48 ./MCAL/01-DIO\libdio.a(dio.o)

.debug_pubnames
                0x00000000      0x208
 *(.debug_pubnames)
 .debug_pubnames
                0x00000000       0x38 main.o
 .debug_pubnames
                0x00000038       0x87 ./MCAL/EXT\libext.a(ext.o)
 .debug_pubnames
                0x000000bf       0x57 ./MCAL/GIE\libgie.a(gie.o)
 .debug_pubnames
                0x00000116       0x45 ./HAL/LED\libled.a(led.o)
 .debug_pubnames
                0x0000015b       0xad ./MCAL/01-DIO\libdio.a(dio.o)

.debug_info     0x00000000      0x62b
 *(.debug_info)
 .debug_info    0x00000000      0x101 main.o
 .debug_info    0x00000101      0x16b ./MCAL/EXT\libext.a(ext.o)
 .debug_info    0x0000026c       0x8a ./MCAL/GIE\libgie.a(gie.o)
 .debug_info    0x000002f6      0x158 ./HAL/LED\libled.a(led.o)
 .debug_info    0x0000044e      0x1dd ./MCAL/01-DIO\libdio.a(dio.o)
 *(.gnu.linkonce.wi.*)

.debug_abbrev   0x00000000      0x2a3
 *(.debug_abbrev)
 .debug_abbrev  0x00000000       0x94 main.o
 .debug_abbrev  0x00000094       0xb2 ./MCAL/EXT\libext.a(ext.o)
 .debug_abbrev  0x00000146       0x36 ./MCAL/GIE\libgie.a(gie.o)
 .debug_abbrev  0x0000017c       0x87 ./HAL/LED\libled.a(led.o)
 .debug_abbrev  0x00000203       0xa0 ./MCAL/01-DIO\libdio.a(dio.o)

.debug_line     0x00000000      0x755
 *(.debug_line)
 .debug_line    0x00000000       0xca main.o
 .debug_line    0x000000ca      0x1bf ./MCAL/EXT\libext.a(ext.o)
 .debug_line    0x00000289       0x93 ./MCAL/GIE\libgie.a(gie.o)
 .debug_line    0x0000031c      0x175 ./HAL/LED\libled.a(led.o)
 .debug_line    0x00000491      0x2c4 ./MCAL/01-DIO\libdio.a(dio.o)

.debug_frame    0x00000000      0x190
 *(.debug_frame)
 .debug_frame   0x00000000       0x30 main.o
 .debug_frame   0x00000030       0x70 ./MCAL/EXT\libext.a(ext.o)
 .debug_frame   0x000000a0       0x30 ./MCAL/GIE\libgie.a(gie.o)
 .debug_frame   0x000000d0       0x50 ./HAL/LED\libled.a(led.o)
 .debug_frame   0x00000120       0x70 ./MCAL/01-DIO\libdio.a(dio.o)

.debug_str      0x00000000      0x442
 *(.debug_str)
 .debug_str     0x00000000       0xee main.o
                                 0xfa (size before relaxing)
 .debug_str     0x000000ee      0x112 ./MCAL/EXT\libext.a(ext.o)
                                0x17d (size before relaxing)
 .debug_str     0x00000200       0x98 ./MCAL/GIE\libgie.a(gie.o)
                                0x103 (size before relaxing)
 .debug_str     0x00000298       0x7f ./HAL/LED\libled.a(led.o)
                                0x114 (size before relaxing)
 .debug_str     0x00000317      0x12b ./MCAL/01-DIO\libdio.a(dio.o)
                                0x196 (size before relaxing)

.debug_loc      0x00000000      0x4c3
 *(.debug_loc)
 .debug_loc     0x00000000       0xf9 ./MCAL/EXT\libext.a(ext.o)
 .debug_loc     0x000000f9       0xd0 ./HAL/LED\libled.a(led.o)
 .debug_loc     0x000001c9      0x2fa ./MCAL/01-DIO\libdio.a(dio.o)

.debug_macinfo
 *(.debug_macinfo)
OUTPUT(Main.elf elf32-avr)
LOAD linker stubs

.debug_ranges   0x00000000       0xf0
 .debug_ranges  0x00000000       0x20 main.o
 .debug_ranges  0x00000020       0x40 ./MCAL/EXT\libext.a(ext.o)
 .debug_ranges  0x00000060       0x20 ./MCAL/GIE\libgie.a(gie.o)
 .debug_ranges  0x00000080       0x30 ./HAL/LED\libled.a(led.o)
 .debug_ranges  0x000000b0       0x40 ./MCAL/01-DIO\libdio.a(dio.o)
