Archive member included because of file (symbol)

04-KPD\libkpd.a(kpd.o)        main.o (KPD_u8GetPressedKey)
02-LCD\liblcd.a(lcd.o)        main.o (LCD_displayCharacter)
03-ADC\libadc.a(adc.o)        main.o (ADC_init)
01-DIO\libdio.a(dio.o)        04-KPD\libkpd.a(kpd.o) (DIO_voidSetPinValue)
c:/users/ali mahmoud/desktop/embedded learning/tools/imt_sdk_win_32/winavr/bin/../lib/gcc/avr/4.3.3/../../../../avr/lib/avr5\libm.a(addsf3.o)
                              02-LCD\liblcd.a(lcd.o) (__subsf3)
c:/users/ali mahmoud/desktop/embedded learning/tools/imt_sdk_win_32/winavr/bin/../lib/gcc/avr/4.3.3/../../../../avr/lib/avr5\libm.a(addsf3x.o)
                              c:/users/ali mahmoud/desktop/embedded learning/tools/imt_sdk_win_32/winavr/bin/../lib/gcc/avr/4.3.3/../../../../avr/lib/avr5\libm.a(addsf3.o) (__addsf3x)
c:/users/ali mahmoud/desktop/embedded learning/tools/imt_sdk_win_32/winavr/bin/../lib/gcc/avr/4.3.3/../../../../avr/lib/avr5\libm.a(fixsfsi.o)
                              02-LCD\liblcd.a(lcd.o) (__fixsfsi)
c:/users/ali mahmoud/desktop/embedded learning/tools/imt_sdk_win_32/winavr/bin/../lib/gcc/avr/4.3.3/../../../../avr/lib/avr5\libm.a(fixunssfsi.o)
                              c:/users/ali mahmoud/desktop/embedded learning/tools/imt_sdk_win_32/winavr/bin/../lib/gcc/avr/4.3.3/../../../../avr/lib/avr5\libm.a(fixsfsi.o) (__fixunssfsi)
c:/users/ali mahmoud/desktop/embedded learning/tools/imt_sdk_win_32/winavr/bin/../lib/gcc/avr/4.3.3/../../../../avr/lib/avr5\libm.a(floatsisf.o)
                              02-LCD\liblcd.a(lcd.o) (__floatsisf)
c:/users/ali mahmoud/desktop/embedded learning/tools/imt_sdk_win_32/winavr/bin/../lib/gcc/avr/4.3.3/../../../../avr/lib/avr5\libm.a(fp_inf.o)
                              c:/users/ali mahmoud/desktop/embedded learning/tools/imt_sdk_win_32/winavr/bin/../lib/gcc/avr/4.3.3/../../../../avr/lib/avr5\libm.a(addsf3x.o) (__fp_inf)
c:/users/ali mahmoud/desktop/embedded learning/tools/imt_sdk_win_32/winavr/bin/../lib/gcc/avr/4.3.3/../../../../avr/lib/avr5\libm.a(fp_nan.o)
                              c:/users/ali mahmoud/desktop/embedded learning/tools/imt_sdk_win_32/winavr/bin/../lib/gcc/avr/4.3.3/../../../../avr/lib/avr5\libm.a(addsf3x.o) (__fp_nan)
c:/users/ali mahmoud/desktop/embedded learning/tools/imt_sdk_win_32/winavr/bin/../lib/gcc/avr/4.3.3/../../../../avr/lib/avr5\libm.a(fp_pscA.o)
                              c:/users/ali mahmoud/desktop/embedded learning/tools/imt_sdk_win_32/winavr/bin/../lib/gcc/avr/4.3.3/../../../../avr/lib/avr5\libm.a(addsf3x.o) (__fp_pscA)
c:/users/ali mahmoud/desktop/embedded learning/tools/imt_sdk_win_32/winavr/bin/../lib/gcc/avr/4.3.3/../../../../avr/lib/avr5\libm.a(fp_pscB.o)
                              c:/users/ali mahmoud/desktop/embedded learning/tools/imt_sdk_win_32/winavr/bin/../lib/gcc/avr/4.3.3/../../../../avr/lib/avr5\libm.a(addsf3x.o) (__fp_pscB)
c:/users/ali mahmoud/desktop/embedded learning/tools/imt_sdk_win_32/winavr/bin/../lib/gcc/avr/4.3.3/../../../../avr/lib/avr5\libm.a(fp_round.o)
                              c:/users/ali mahmoud/desktop/embedded learning/tools/imt_sdk_win_32/winavr/bin/../lib/gcc/avr/4.3.3/../../../../avr/lib/avr5\libm.a(addsf3.o) (__fp_round)
c:/users/ali mahmoud/desktop/embedded learning/tools/imt_sdk_win_32/winavr/bin/../lib/gcc/avr/4.3.3/../../../../avr/lib/avr5\libm.a(fp_split3.o)
                              c:/users/ali mahmoud/desktop/embedded learning/tools/imt_sdk_win_32/winavr/bin/../lib/gcc/avr/4.3.3/../../../../avr/lib/avr5\libm.a(addsf3x.o) (__fp_split3)
c:/users/ali mahmoud/desktop/embedded learning/tools/imt_sdk_win_32/winavr/bin/../lib/gcc/avr/4.3.3/../../../../avr/lib/avr5\libm.a(fp_zero.o)
                              c:/users/ali mahmoud/desktop/embedded learning/tools/imt_sdk_win_32/winavr/bin/../lib/gcc/avr/4.3.3/../../../../avr/lib/avr5\libm.a(addsf3x.o) (__fp_zero)
c:/users/ali mahmoud/desktop/embedded learning/tools/imt_sdk_win_32/winavr/bin/../lib/gcc/avr/4.3.3/../../../../avr/lib/avr5\libm.a(mulsf3.o)
                              02-LCD\liblcd.a(lcd.o) (__mulsf3)
c:/users/ali mahmoud/desktop/embedded learning/tools/imt_sdk_win_32/winavr/bin/../lib/gcc/avr/4.3.3/../../../../avr/lib/avr5\libm.a(mulsf3x.o)
                              c:/users/ali mahmoud/desktop/embedded learning/tools/imt_sdk_win_32/winavr/bin/../lib/gcc/avr/4.3.3/../../../../avr/lib/avr5\libm.a(mulsf3.o) (__mulsf3x)
c:/users/ali mahmoud/desktop/embedded learning/tools/imt_sdk_win_32/winavr/bin/../lib/gcc/avr/4.3.3/avr5\libgcc.a(_mulsi3.o)
                              main.o (__mulsi3)
c:/users/ali mahmoud/desktop/embedded learning/tools/imt_sdk_win_32/winavr/bin/../lib/gcc/avr/4.3.3/avr5\libgcc.a(_udivmodsi4.o)
                              02-LCD\liblcd.a(lcd.o) (__udivmodsi4)
c:/users/ali mahmoud/desktop/embedded learning/tools/imt_sdk_win_32/winavr/bin/../lib/gcc/avr/4.3.3/avr5\libgcc.a(_exit.o)
                              c:/users/ali mahmoud/desktop/embedded learning/tools/imt_sdk_win_32/winavr/bin/../lib/gcc/avr/4.3.3/../../../../avr/lib/avr5/crtm32.o (exit)
c:/users/ali mahmoud/desktop/embedded learning/tools/imt_sdk_win_32/winavr/bin/../lib/gcc/avr/4.3.3/avr5\libgcc.a(_copy_data.o)
                              main.o (__do_copy_data)

Discarded input sections

 .data          0x00000000        0x0 c:/users/ali mahmoud/desktop/embedded learning/tools/imt_sdk_win_32/winavr/bin/../lib/gcc/avr/4.3.3/../../../../avr/lib/avr5/crtm32.o
 .bss           0x00000000        0x0 c:/users/ali mahmoud/desktop/embedded learning/tools/imt_sdk_win_32/winavr/bin/../lib/gcc/avr/4.3.3/../../../../avr/lib/avr5/crtm32.o
 .text          0x00000000        0x0 main.o
 .bss           0x00000000        0x0 main.o
 .text          0x00000000        0x0 04-KPD\libkpd.a(kpd.o)
 .data          0x00000000        0x0 04-KPD\libkpd.a(kpd.o)
 .bss           0x00000000        0x0 04-KPD\libkpd.a(kpd.o)
 .text          0x00000000        0x0 02-LCD\liblcd.a(lcd.o)
 .data          0x00000000        0x0 02-LCD\liblcd.a(lcd.o)
 .bss           0x00000000        0x0 02-LCD\liblcd.a(lcd.o)
 .text.power_int
                0x00000000        0x0 02-LCD\liblcd.a(lcd.o)
 .text.LCD_sendFloatNumber
                0x00000000        0x0 02-LCD\liblcd.a(lcd.o)
 .text.LCD_sendSpecialChar
                0x00000000        0x0 02-LCD\liblcd.a(lcd.o)
 .text          0x00000000        0x0 03-ADC\libadc.a(adc.o)
 .data          0x00000000        0x0 03-ADC\libadc.a(adc.o)
 .bss           0x00000000        0x0 03-ADC\libadc.a(adc.o)
 .text.ADC_readChannel
                0x00000000        0x0 03-ADC\libadc.a(adc.o)
 .text          0x00000000        0x0 01-DIO\libdio.a(dio.o)
 .data          0x00000000        0x0 01-DIO\libdio.a(dio.o)
 .bss           0x00000000        0x0 01-DIO\libdio.a(dio.o)
 .text.DIO_voidSetPortValue
                0x00000000        0x0 01-DIO\libdio.a(dio.o)
 .text.DIO_voidSetPortDirection
                0x00000000        0x0 01-DIO\libdio.a(dio.o)
 .text.DIO_voidGetPortValue
                0x00000000        0x0 01-DIO\libdio.a(dio.o)
 .text          0x00000000        0x0 c:/users/ali mahmoud/desktop/embedded learning/tools/imt_sdk_win_32/winavr/bin/../lib/gcc/avr/4.3.3/../../../../avr/lib/avr5\libm.a(addsf3.o)
 .data          0x00000000        0x0 c:/users/ali mahmoud/desktop/embedded learning/tools/imt_sdk_win_32/winavr/bin/../lib/gcc/avr/4.3.3/../../../../avr/lib/avr5\libm.a(addsf3.o)
 .bss           0x00000000        0x0 c:/users/ali mahmoud/desktop/embedded learning/tools/imt_sdk_win_32/winavr/bin/../lib/gcc/avr/4.3.3/../../../../avr/lib/avr5\libm.a(addsf3.o)
 .text.avr-libc.fplib
                0x00000000        0x0 c:/users/ali mahmoud/desktop/embedded learning/tools/imt_sdk_win_32/winavr/bin/../lib/gcc/avr/4.3.3/../../../../avr/lib/avr5\libm.a(addsf3.o)
 .text          0x00000000        0x0 c:/users/ali mahmoud/desktop/embedded learning/tools/imt_sdk_win_32/winavr/bin/../lib/gcc/avr/4.3.3/../../../../avr/lib/avr5\libm.a(addsf3x.o)
 .data          0x00000000        0x0 c:/users/ali mahmoud/desktop/embedded learning/tools/imt_sdk_win_32/winavr/bin/../lib/gcc/avr/4.3.3/../../../../avr/lib/avr5\libm.a(addsf3x.o)
 .bss           0x00000000        0x0 c:/users/ali mahmoud/desktop/embedded learning/tools/imt_sdk_win_32/winavr/bin/../lib/gcc/avr/4.3.3/../../../../avr/lib/avr5\libm.a(addsf3x.o)
 .text.avr-libc.fplib
                0x00000000        0x0 c:/users/ali mahmoud/desktop/embedded learning/tools/imt_sdk_win_32/winavr/bin/../lib/gcc/avr/4.3.3/../../../../avr/lib/avr5\libm.a(addsf3x.o)
 .text          0x00000000        0x0 c:/users/ali mahmoud/desktop/embedded learning/tools/imt_sdk_win_32/winavr/bin/../lib/gcc/avr/4.3.3/../../../../avr/lib/avr5\libm.a(fixsfsi.o)
 .data          0x00000000        0x0 c:/users/ali mahmoud/desktop/embedded learning/tools/imt_sdk_win_32/winavr/bin/../lib/gcc/avr/4.3.3/../../../../avr/lib/avr5\libm.a(fixsfsi.o)
 .bss           0x00000000        0x0 c:/users/ali mahmoud/desktop/embedded learning/tools/imt_sdk_win_32/winavr/bin/../lib/gcc/avr/4.3.3/../../../../avr/lib/avr5\libm.a(fixsfsi.o)
 .text.avr-libc.fplib
                0x00000000        0x0 c:/users/ali mahmoud/desktop/embedded learning/tools/imt_sdk_win_32/winavr/bin/../lib/gcc/avr/4.3.3/../../../../avr/lib/avr5\libm.a(fixsfsi.o)
 .text          0x00000000        0x0 c:/users/ali mahmoud/desktop/embedded learning/tools/imt_sdk_win_32/winavr/bin/../lib/gcc/avr/4.3.3/../../../../avr/lib/avr5\libm.a(fixunssfsi.o)
 .data          0x00000000        0x0 c:/users/ali mahmoud/desktop/embedded learning/tools/imt_sdk_win_32/winavr/bin/../lib/gcc/avr/4.3.3/../../../../avr/lib/avr5\libm.a(fixunssfsi.o)
 .bss           0x00000000        0x0 c:/users/ali mahmoud/desktop/embedded learning/tools/imt_sdk_win_32/winavr/bin/../lib/gcc/avr/4.3.3/../../../../avr/lib/avr5\libm.a(fixunssfsi.o)
 .text.avr-libc.fplib
                0x00000000        0x0 c:/users/ali mahmoud/desktop/embedded learning/tools/imt_sdk_win_32/winavr/bin/../lib/gcc/avr/4.3.3/../../../../avr/lib/avr5\libm.a(fixunssfsi.o)
 .text          0x00000000        0x0 c:/users/ali mahmoud/desktop/embedded learning/tools/imt_sdk_win_32/winavr/bin/../lib/gcc/avr/4.3.3/../../../../avr/lib/avr5\libm.a(floatsisf.o)
 .data          0x00000000        0x0 c:/users/ali mahmoud/desktop/embedded learning/tools/imt_sdk_win_32/winavr/bin/../lib/gcc/avr/4.3.3/../../../../avr/lib/avr5\libm.a(floatsisf.o)
 .bss           0x00000000        0x0 c:/users/ali mahmoud/desktop/embedded learning/tools/imt_sdk_win_32/winavr/bin/../lib/gcc/avr/4.3.3/../../../../avr/lib/avr5\libm.a(floatsisf.o)
 .text.avr-libc.fplib
                0x00000000        0x0 c:/users/ali mahmoud/desktop/embedded learning/tools/imt_sdk_win_32/winavr/bin/../lib/gcc/avr/4.3.3/../../../../avr/lib/avr5\libm.a(floatsisf.o)
 .text          0x00000000        0x0 c:/users/ali mahmoud/desktop/embedded learning/tools/imt_sdk_win_32/winavr/bin/../lib/gcc/avr/4.3.3/../../../../avr/lib/avr5\libm.a(fp_inf.o)
 .data          0x00000000        0x0 c:/users/ali mahmoud/desktop/embedded learning/tools/imt_sdk_win_32/winavr/bin/../lib/gcc/avr/4.3.3/../../../../avr/lib/avr5\libm.a(fp_inf.o)
 .bss           0x00000000        0x0 c:/users/ali mahmoud/desktop/embedded learning/tools/imt_sdk_win_32/winavr/bin/../lib/gcc/avr/4.3.3/../../../../avr/lib/avr5\libm.a(fp_inf.o)
 .text.avr-libc.fplib
                0x00000000        0x0 c:/users/ali mahmoud/desktop/embedded learning/tools/imt_sdk_win_32/winavr/bin/../lib/gcc/avr/4.3.3/../../../../avr/lib/avr5\libm.a(fp_inf.o)
 .text          0x00000000        0x0 c:/users/ali mahmoud/desktop/embedded learning/tools/imt_sdk_win_32/winavr/bin/../lib/gcc/avr/4.3.3/../../../../avr/lib/avr5\libm.a(fp_nan.o)
 .data          0x00000000        0x0 c:/users/ali mahmoud/desktop/embedded learning/tools/imt_sdk_win_32/winavr/bin/../lib/gcc/avr/4.3.3/../../../../avr/lib/avr5\libm.a(fp_nan.o)
 .bss           0x00000000        0x0 c:/users/ali mahmoud/desktop/embedded learning/tools/imt_sdk_win_32/winavr/bin/../lib/gcc/avr/4.3.3/../../../../avr/lib/avr5\libm.a(fp_nan.o)
 .text.avr-libc.fplib
                0x00000000        0x0 c:/users/ali mahmoud/desktop/embedded learning/tools/imt_sdk_win_32/winavr/bin/../lib/gcc/avr/4.3.3/../../../../avr/lib/avr5\libm.a(fp_nan.o)
 .text          0x00000000        0x0 c:/users/ali mahmoud/desktop/embedded learning/tools/imt_sdk_win_32/winavr/bin/../lib/gcc/avr/4.3.3/../../../../avr/lib/avr5\libm.a(fp_pscA.o)
 .data          0x00000000        0x0 c:/users/ali mahmoud/desktop/embedded learning/tools/imt_sdk_win_32/winavr/bin/../lib/gcc/avr/4.3.3/../../../../avr/lib/avr5\libm.a(fp_pscA.o)
 .bss           0x00000000        0x0 c:/users/ali mahmoud/desktop/embedded learning/tools/imt_sdk_win_32/winavr/bin/../lib/gcc/avr/4.3.3/../../../../avr/lib/avr5\libm.a(fp_pscA.o)
 .text.avr-libc.fplib
                0x00000000        0x0 c:/users/ali mahmoud/desktop/embedded learning/tools/imt_sdk_win_32/winavr/bin/../lib/gcc/avr/4.3.3/../../../../avr/lib/avr5\libm.a(fp_pscA.o)
 .text          0x00000000        0x0 c:/users/ali mahmoud/desktop/embedded learning/tools/imt_sdk_win_32/winavr/bin/../lib/gcc/avr/4.3.3/../../../../avr/lib/avr5\libm.a(fp_pscB.o)
 .data          0x00000000        0x0 c:/users/ali mahmoud/desktop/embedded learning/tools/imt_sdk_win_32/winavr/bin/../lib/gcc/avr/4.3.3/../../../../avr/lib/avr5\libm.a(fp_pscB.o)
 .bss           0x00000000        0x0 c:/users/ali mahmoud/desktop/embedded learning/tools/imt_sdk_win_32/winavr/bin/../lib/gcc/avr/4.3.3/../../../../avr/lib/avr5\libm.a(fp_pscB.o)
 .text.avr-libc.fplib
                0x00000000        0x0 c:/users/ali mahmoud/desktop/embedded learning/tools/imt_sdk_win_32/winavr/bin/../lib/gcc/avr/4.3.3/../../../../avr/lib/avr5\libm.a(fp_pscB.o)
 .text          0x00000000        0x0 c:/users/ali mahmoud/desktop/embedded learning/tools/imt_sdk_win_32/winavr/bin/../lib/gcc/avr/4.3.3/../../../../avr/lib/avr5\libm.a(fp_round.o)
 .data          0x00000000        0x0 c:/users/ali mahmoud/desktop/embedded learning/tools/imt_sdk_win_32/winavr/bin/../lib/gcc/avr/4.3.3/../../../../avr/lib/avr5\libm.a(fp_round.o)
 .bss           0x00000000        0x0 c:/users/ali mahmoud/desktop/embedded learning/tools/imt_sdk_win_32/winavr/bin/../lib/gcc/avr/4.3.3/../../../../avr/lib/avr5\libm.a(fp_round.o)
 .text.avr-libc.fplib
                0x00000000        0x0 c:/users/ali mahmoud/desktop/embedded learning/tools/imt_sdk_win_32/winavr/bin/../lib/gcc/avr/4.3.3/../../../../avr/lib/avr5\libm.a(fp_round.o)
 .text          0x00000000        0x0 c:/users/ali mahmoud/desktop/embedded learning/tools/imt_sdk_win_32/winavr/bin/../lib/gcc/avr/4.3.3/../../../../avr/lib/avr5\libm.a(fp_split3.o)
 .data          0x00000000        0x0 c:/users/ali mahmoud/desktop/embedded learning/tools/imt_sdk_win_32/winavr/bin/../lib/gcc/avr/4.3.3/../../../../avr/lib/avr5\libm.a(fp_split3.o)
 .bss           0x00000000        0x0 c:/users/ali mahmoud/desktop/embedded learning/tools/imt_sdk_win_32/winavr/bin/../lib/gcc/avr/4.3.3/../../../../avr/lib/avr5\libm.a(fp_split3.o)
 .text.avr-libc.fplib
                0x00000000        0x0 c:/users/ali mahmoud/desktop/embedded learning/tools/imt_sdk_win_32/winavr/bin/../lib/gcc/avr/4.3.3/../../../../avr/lib/avr5\libm.a(fp_split3.o)
 .text          0x00000000        0x0 c:/users/ali mahmoud/desktop/embedded learning/tools/imt_sdk_win_32/winavr/bin/../lib/gcc/avr/4.3.3/../../../../avr/lib/avr5\libm.a(fp_zero.o)
 .data          0x00000000        0x0 c:/users/ali mahmoud/desktop/embedded learning/tools/imt_sdk_win_32/winavr/bin/../lib/gcc/avr/4.3.3/../../../../avr/lib/avr5\libm.a(fp_zero.o)
 .bss           0x00000000        0x0 c:/users/ali mahmoud/desktop/embedded learning/tools/imt_sdk_win_32/winavr/bin/../lib/gcc/avr/4.3.3/../../../../avr/lib/avr5\libm.a(fp_zero.o)
 .text.avr-libc.fplib
                0x00000000        0x0 c:/users/ali mahmoud/desktop/embedded learning/tools/imt_sdk_win_32/winavr/bin/../lib/gcc/avr/4.3.3/../../../../avr/lib/avr5\libm.a(fp_zero.o)
 .text          0x00000000        0x0 c:/users/ali mahmoud/desktop/embedded learning/tools/imt_sdk_win_32/winavr/bin/../lib/gcc/avr/4.3.3/../../../../avr/lib/avr5\libm.a(mulsf3.o)
 .data          0x00000000        0x0 c:/users/ali mahmoud/desktop/embedded learning/tools/imt_sdk_win_32/winavr/bin/../lib/gcc/avr/4.3.3/../../../../avr/lib/avr5\libm.a(mulsf3.o)
 .bss           0x00000000        0x0 c:/users/ali mahmoud/desktop/embedded learning/tools/imt_sdk_win_32/winavr/bin/../lib/gcc/avr/4.3.3/../../../../avr/lib/avr5\libm.a(mulsf3.o)
 .text.avr-libc.fplib
                0x00000000        0x0 c:/users/ali mahmoud/desktop/embedded learning/tools/imt_sdk_win_32/winavr/bin/../lib/gcc/avr/4.3.3/../../../../avr/lib/avr5\libm.a(mulsf3.o)
 .text          0x00000000        0x0 c:/users/ali mahmoud/desktop/embedded learning/tools/imt_sdk_win_32/winavr/bin/../lib/gcc/avr/4.3.3/../../../../avr/lib/avr5\libm.a(mulsf3x.o)
 .data          0x00000000        0x0 c:/users/ali mahmoud/desktop/embedded learning/tools/imt_sdk_win_32/winavr/bin/../lib/gcc/avr/4.3.3/../../../../avr/lib/avr5\libm.a(mulsf3x.o)
 .bss           0x00000000        0x0 c:/users/ali mahmoud/desktop/embedded learning/tools/imt_sdk_win_32/winavr/bin/../lib/gcc/avr/4.3.3/../../../../avr/lib/avr5\libm.a(mulsf3x.o)
 .text.avr-libc.fplib
                0x00000000        0x0 c:/users/ali mahmoud/desktop/embedded learning/tools/imt_sdk_win_32/winavr/bin/../lib/gcc/avr/4.3.3/../../../../avr/lib/avr5\libm.a(mulsf3x.o)
 .text          0x00000000        0x0 c:/users/ali mahmoud/desktop/embedded learning/tools/imt_sdk_win_32/winavr/bin/../lib/gcc/avr/4.3.3/avr5\libgcc.a(_mulsi3.o)
 .data          0x00000000        0x0 c:/users/ali mahmoud/desktop/embedded learning/tools/imt_sdk_win_32/winavr/bin/../lib/gcc/avr/4.3.3/avr5\libgcc.a(_mulsi3.o)
 .bss           0x00000000        0x0 c:/users/ali mahmoud/desktop/embedded learning/tools/imt_sdk_win_32/winavr/bin/../lib/gcc/avr/4.3.3/avr5\libgcc.a(_mulsi3.o)
 .text          0x00000000        0x0 c:/users/ali mahmoud/desktop/embedded learning/tools/imt_sdk_win_32/winavr/bin/../lib/gcc/avr/4.3.3/avr5\libgcc.a(_udivmodsi4.o)
 .data          0x00000000        0x0 c:/users/ali mahmoud/desktop/embedded learning/tools/imt_sdk_win_32/winavr/bin/../lib/gcc/avr/4.3.3/avr5\libgcc.a(_udivmodsi4.o)
 .bss           0x00000000        0x0 c:/users/ali mahmoud/desktop/embedded learning/tools/imt_sdk_win_32/winavr/bin/../lib/gcc/avr/4.3.3/avr5\libgcc.a(_udivmodsi4.o)
 .text          0x00000000        0x0 c:/users/ali mahmoud/desktop/embedded learning/tools/imt_sdk_win_32/winavr/bin/../lib/gcc/avr/4.3.3/avr5\libgcc.a(_exit.o)
 .data          0x00000000        0x0 c:/users/ali mahmoud/desktop/embedded learning/tools/imt_sdk_win_32/winavr/bin/../lib/gcc/avr/4.3.3/avr5\libgcc.a(_exit.o)
 .bss           0x00000000        0x0 c:/users/ali mahmoud/desktop/embedded learning/tools/imt_sdk_win_32/winavr/bin/../lib/gcc/avr/4.3.3/avr5\libgcc.a(_exit.o)
 .text.libgcc   0x00000000        0x0 c:/users/ali mahmoud/desktop/embedded learning/tools/imt_sdk_win_32/winavr/bin/../lib/gcc/avr/4.3.3/avr5\libgcc.a(_exit.o)
 .text          0x00000000        0x0 c:/users/ali mahmoud/desktop/embedded learning/tools/imt_sdk_win_32/winavr/bin/../lib/gcc/avr/4.3.3/avr5\libgcc.a(_copy_data.o)
 .data          0x00000000        0x0 c:/users/ali mahmoud/desktop/embedded learning/tools/imt_sdk_win_32/winavr/bin/../lib/gcc/avr/4.3.3/avr5\libgcc.a(_copy_data.o)
 .bss           0x00000000        0x0 c:/users/ali mahmoud/desktop/embedded learning/tools/imt_sdk_win_32/winavr/bin/../lib/gcc/avr/4.3.3/avr5\libgcc.a(_copy_data.o)
 .text.libgcc   0x00000000        0x0 c:/users/ali mahmoud/desktop/embedded learning/tools/imt_sdk_win_32/winavr/bin/../lib/gcc/avr/4.3.3/avr5\libgcc.a(_copy_data.o)

Memory Configuration

Name             Origin             Length             Attributes
text             0x00000000         0x00020000         xr
data             0x00800060         0x0000ffa0         rw !x
eeprom           0x00810000         0x00010000         rw !x
fuse             0x00820000         0x00000400         rw !x
lock             0x00830000         0x00000400         rw !x
signature        0x00840000         0x00000400         rw !x
*default*        0x00000000         0xffffffff

Linker script and memory map

LOAD c:/users/ali mahmoud/desktop/embedded learning/tools/imt_sdk_win_32/winavr/bin/../lib/gcc/avr/4.3.3/../../../../avr/lib/avr5/crtm32.o
LOAD main.o
LOAD 04-KPD\libkpd.a
LOAD 02-LCD\liblcd.a
LOAD 03-ADC\libadc.a
LOAD 01-DIO\libdio.a
START GROUP
LOAD c:/users/ali mahmoud/desktop/embedded learning/tools/imt_sdk_win_32/winavr/bin/../lib/gcc/avr/4.3.3/../../../../avr/lib/avr5\libm.a
END GROUP
LOAD c:/users/ali mahmoud/desktop/embedded learning/tools/imt_sdk_win_32/winavr/bin/../lib/gcc/avr/4.3.3/avr5\libgcc.a
LOAD c:/users/ali mahmoud/desktop/embedded learning/tools/imt_sdk_win_32/winavr/bin/../lib/gcc/avr/4.3.3/../../../../avr/lib/avr5\libc.a
LOAD c:/users/ali mahmoud/desktop/embedded learning/tools/imt_sdk_win_32/winavr/bin/../lib/gcc/avr/4.3.3/avr5\libgcc.a

.hash
 *(.hash)

.dynsym
 *(.dynsym)

.dynstr
 *(.dynstr)

.gnu.version
 *(.gnu.version)

.gnu.version_d
 *(.gnu.version_d)

.gnu.version_r
 *(.gnu.version_r)

.rel.init
 *(.rel.init)

.rela.init
 *(.rela.init)

.rel.text
 *(.rel.text)
 *(.rel.text.*)
 *(.rel.gnu.linkonce.t*)

.rela.text
 *(.rela.text)
 *(.rela.text.*)
 *(.rela.gnu.linkonce.t*)

.rel.fini
 *(.rel.fini)

.rela.fini
 *(.rela.fini)

.rel.rodata
 *(.rel.rodata)
 *(.rel.rodata.*)
 *(.rel.gnu.linkonce.r*)

.rela.rodata
 *(.rela.rodata)
 *(.rela.rodata.*)
 *(.rela.gnu.linkonce.r*)

.rel.data
 *(.rel.data)
 *(.rel.data.*)
 *(.rel.gnu.linkonce.d*)

.rela.data
 *(.rela.data)
 *(.rela.data.*)
 *(.rela.gnu.linkonce.d*)

.rel.ctors
 *(.rel.ctors)

.rela.ctors
 *(.rela.ctors)

.rel.dtors
 *(.rel.dtors)

.rela.dtors
 *(.rela.dtors)

.rel.got
 *(.rel.got)

.rela.got
 *(.rela.got)

.rel.bss
 *(.rel.bss)

.rela.bss
 *(.rela.bss)

.rel.plt
 *(.rel.plt)

.rela.plt
 *(.rela.plt)

.text           0x00000000      0xbc2
 *(.vectors)
 .vectors       0x00000000       0x54 c:/users/ali mahmoud/desktop/embedded learning/tools/imt_sdk_win_32/winavr/bin/../lib/gcc/avr/4.3.3/../../../../avr/lib/avr5/crtm32.o
                0x00000000                __vectors
                0x00000000                __vector_default
 *(.vectors)
 *(.progmem.gcc*)
 *(.progmem*)
                0x00000054                . = ALIGN (0x2)
                0x00000054                __trampolines_start = .
 *(.trampolines)
 .trampolines   0x00000054        0x0 linker stubs
 *(.trampolines*)
                0x00000054                __trampolines_end = .
 *(.jumptables)
 *(.jumptables*)
 *(.lowtext)
 *(.lowtext*)
                0x00000054                __ctors_start = .
 *(.ctors)
                0x00000054                __ctors_end = .
                0x00000054                __dtors_start = .
 *(.dtors)
                0x00000054                __dtors_end = .
 SORT(*)(.ctors)
 SORT(*)(.dtors)
 *(.init0)
 .init0         0x00000054        0x0 c:/users/ali mahmoud/desktop/embedded learning/tools/imt_sdk_win_32/winavr/bin/../lib/gcc/avr/4.3.3/../../../../avr/lib/avr5/crtm32.o
                0x00000054                __init
 *(.init0)
 *(.init1)
 *(.init1)
 *(.init2)
 .init2         0x00000054        0xc c:/users/ali mahmoud/desktop/embedded learning/tools/imt_sdk_win_32/winavr/bin/../lib/gcc/avr/4.3.3/../../../../avr/lib/avr5/crtm32.o
 *(.init2)
 *(.init3)
 *(.init3)
 *(.init4)
 .init4         0x00000060       0x16 c:/users/ali mahmoud/desktop/embedded learning/tools/imt_sdk_win_32/winavr/bin/../lib/gcc/avr/4.3.3/avr5\libgcc.a(_copy_data.o)
                0x00000060                __do_copy_data
 *(.init4)
 *(.init5)
 *(.init5)
 *(.init6)
 *(.init6)
 *(.init7)
 *(.init7)
 *(.init8)
 *(.init8)
 *(.init9)
 .init9         0x00000076        0x8 c:/users/ali mahmoud/desktop/embedded learning/tools/imt_sdk_win_32/winavr/bin/../lib/gcc/avr/4.3.3/../../../../avr/lib/avr5/crtm32.o
 *(.init9)
 *(.text)
 .text          0x0000007e        0x4 c:/users/ali mahmoud/desktop/embedded learning/tools/imt_sdk_win_32/winavr/bin/../lib/gcc/avr/4.3.3/../../../../avr/lib/avr5/crtm32.o
                0x0000007e                __vector_1
                0x0000007e                __vector_12
                0x0000007e                __bad_interrupt
                0x0000007e                __vector_6
                0x0000007e                __vector_3
                0x0000007e                __vector_11
                0x0000007e                __vector_13
                0x0000007e                __vector_17
                0x0000007e                __vector_19
                0x0000007e                __vector_7
                0x0000007e                __vector_5
                0x0000007e                __vector_4
                0x0000007e                __vector_9
                0x0000007e                __vector_2
                0x0000007e                __vector_15
                0x0000007e                __vector_8
                0x0000007e                __vector_14
                0x0000007e                __vector_10
                0x0000007e                __vector_16
                0x0000007e                __vector_18
                0x0000007e                __vector_20
                0x00000082                . = ALIGN (0x2)
 *(.text.*)
 .text.isDigit  0x00000082       0x14 main.o
                0x00000082                isDigit
 .text.reset_screen
                0x00000096       0x5e main.o
                0x00000096                reset_screen
 .text.main     0x000000f4      0x1c8 main.o
                0x000000f4                main
 .text.KPD_u8GetPressedKey
                0x000002bc      0x13c 04-KPD\libkpd.a(kpd.o)
                0x000002bc                KPD_u8GetPressedKey
 .text.KPD_voidInit
                0x000003f8       0x7a 04-KPD\libkpd.a(kpd.o)
                0x000003f8                KPD_voidInit
 .text.rev_num  0x00000472       0x94 02-LCD\liblcd.a(lcd.o)
                0x00000472                rev_num
 .text.LCD_SendFallingEdge
                0x00000506       0x2e 02-LCD\liblcd.a(lcd.o)
 .text.LCD_displayCharacter
                0x00000534       0xae 02-LCD\liblcd.a(lcd.o)
                0x00000534                LCD_displayCharacter
 .text.LCD_sendNumber
                0x000005e2       0x9a 02-LCD\liblcd.a(lcd.o)
                0x000005e2                LCD_sendNumber
 .text.LCD_SendString
                0x0000067c       0x2a 02-LCD\liblcd.a(lcd.o)
                0x0000067c                LCD_SendString
 .text.LCD_sendCommand
                0x000006a6       0xae 02-LCD\liblcd.a(lcd.o)
                0x000006a6                LCD_sendCommand
 .text.LCD_clearScreen
                0x00000754        0x8 02-LCD\liblcd.a(lcd.o)
                0x00000754                LCD_clearScreen
 .text.LCD_moveCursor
                0x0000075c       0x48 02-LCD\liblcd.a(lcd.o)
                0x0000075c                LCD_moveCursor
 .text.LCD_displayString_XY
                0x000007a4       0x58 02-LCD\liblcd.a(lcd.o)
                0x000007a4                LCD_displayString_XY
 .text.LCD_init
                0x000007fc       0x70 02-LCD\liblcd.a(lcd.o)
                0x000007fc                LCD_init
 .text.ADC_init
                0x0000086c       0x1a 03-ADC\libadc.a(adc.o)
                0x0000086c                ADC_init
 .text.DIO_voidSetPinValue
                0x00000886      0x128 01-DIO\libdio.a(dio.o)
                0x00000886                DIO_voidSetPinValue
 .text.DIO_voidSetPinDirection
                0x000009ae      0x128 01-DIO\libdio.a(dio.o)
                0x000009ae                DIO_voidSetPinDirection
 .text.DIO_voidGetPinValue
                0x00000ad6       0x66 01-DIO\libdio.a(dio.o)
                0x00000ad6                DIO_voidGetPinValue
 .text.libgcc   0x00000b3c       0x3e c:/users/ali mahmoud/desktop/embedded learning/tools/imt_sdk_win_32/winavr/bin/../lib/gcc/avr/4.3.3/avr5\libgcc.a(_mulsi3.o)
                0x00000b3c                __mulsi3
 .text.libgcc   0x00000b7a       0x44 c:/users/ali mahmoud/desktop/embedded learning/tools/imt_sdk_win_32/winavr/bin/../lib/gcc/avr/4.3.3/avr5\libgcc.a(_udivmodsi4.o)
                0x00000b7a                __udivmodsi4
                0x00000bbe                . = ALIGN (0x2)
 *(.fini9)
 .fini9         0x00000bbe        0x0 c:/users/ali mahmoud/desktop/embedded learning/tools/imt_sdk_win_32/winavr/bin/../lib/gcc/avr/4.3.3/avr5\libgcc.a(_exit.o)
                0x00000bbe                exit
                0x00000bbe                _exit
 *(.fini9)
 *(.fini8)
 *(.fini8)
 *(.fini7)
 *(.fini7)
 *(.fini6)
 *(.fini6)
 *(.fini5)
 *(.fini5)
 *(.fini4)
 *(.fini4)
 *(.fini3)
 *(.fini3)
 *(.fini2)
 *(.fini2)
 *(.fini1)
 *(.fini1)
 *(.fini0)
 .fini0         0x00000bbe        0x4 c:/users/ali mahmoud/desktop/embedded learning/tools/imt_sdk_win_32/winavr/bin/../lib/gcc/avr/4.3.3/avr5\libgcc.a(_exit.o)
 *(.fini0)
                0x00000bc2                _etext = .

.data           0x00800060       0x60 load address 0x00000bc2
                0x00800060                PROVIDE (__data_start, .)
 *(.data)
 .data          0x00800060       0x4f main.o
 *(.data*)
 .data.KEYPAD_Au8Keys
                0x008000af       0x10 04-KPD\libkpd.a(kpd.o)
                0x008000af                KEYPAD_Au8Keys
 *(.rodata)
 *(.rodata*)
 *(.gnu.linkonce.d*)
                0x008000c0                . = ALIGN (0x2)
 *fill*         0x008000bf        0x1 00
                0x008000c0                _edata = .
                0x008000c0                PROVIDE (__data_end, .)

.bss            0x008000c0        0x0
                0x008000c0                PROVIDE (__bss_start, .)
 *(.bss)
 *(.bss*)
 *(COMMON)
                0x008000c0                PROVIDE (__bss_end, .)
                0x00000bc2                __data_load_start = LOADADDR (.data)
                0x00000c22                __data_load_end = (__data_load_start + SIZEOF (.data))

.noinit         0x008000c0        0x0
                0x008000c0                PROVIDE (__noinit_start, .)
 *(.noinit*)
                0x008000c0                PROVIDE (__noinit_end, .)
                0x008000c0                _end = .
                0x008000c0                PROVIDE (__heap_start, .)

.eeprom         0x00810000        0x0
 *(.eeprom*)
                0x00810000                __eeprom_end = .

.fuse
 *(.fuse)
 *(.lfuse)
 *(.hfuse)
 *(.efuse)

.lock
 *(.lock*)

.signature
 *(.signature*)

.stab
 *(.stab)

.stabstr
 *(.stabstr)

.stab.excl
 *(.stab.excl)

.stab.exclstr
 *(.stab.exclstr)

.stab.index
 *(.stab.index)

.stab.indexstr
 *(.stab.indexstr)

.comment
 *(.comment)

.debug
 *(.debug)

.line
 *(.line)

.debug_srcinfo
 *(.debug_srcinfo)

.debug_sfnames
 *(.debug_sfnames)

.debug_aranges  0x00000000      0x148
 *(.debug_aranges)
 .debug_aranges
                0x00000000       0x30 main.o
 .debug_aranges
                0x00000030       0x28 04-KPD\libkpd.a(kpd.o)
 .debug_aranges
                0x00000058       0x80 02-LCD\liblcd.a(lcd.o)
 .debug_aranges
                0x000000d8       0x28 03-ADC\libadc.a(adc.o)
 .debug_aranges
                0x00000100       0x48 01-DIO\libdio.a(dio.o)

.debug_pubnames
                0x00000000      0x262
 *(.debug_pubnames)
 .debug_pubnames
                0x00000000       0x38 main.o
 .debug_pubnames
                0x00000038       0x4e 04-KPD\libkpd.a(kpd.o)
 .debug_pubnames
                0x00000086       0xfc 02-LCD\liblcd.a(lcd.o)
 .debug_pubnames
                0x00000182       0x33 03-ADC\libadc.a(adc.o)
 .debug_pubnames
                0x000001b5       0xad 01-DIO\libdio.a(dio.o)

.debug_info     0x00000000      0xc7f
 *(.debug_info)
 .debug_info    0x00000000      0x1ed main.o
 .debug_info    0x000001ed      0x1da 04-KPD\libkpd.a(kpd.o)
 .debug_info    0x000003c7      0x503 02-LCD\liblcd.a(lcd.o)
 .debug_info    0x000008ca      0x1de 03-ADC\libadc.a(adc.o)
 .debug_info    0x00000aa8      0x1d7 01-DIO\libdio.a(dio.o)
 *(.gnu.linkonce.wi.*)

.debug_abbrev   0x00000000      0x5f7
 *(.debug_abbrev)
 .debug_abbrev  0x00000000      0x157 main.o
 .debug_abbrev  0x00000157      0x122 04-KPD\libkpd.a(kpd.o)
 .debug_abbrev  0x00000279      0x1e1 02-LCD\liblcd.a(lcd.o)
 .debug_abbrev  0x0000045a       0xfb 03-ADC\libadc.a(adc.o)
 .debug_abbrev  0x00000555       0xa2 01-DIO\libdio.a(dio.o)

.debug_line     0x00000000     0x1039
 *(.debug_line)
 .debug_line    0x00000000      0x31a main.o
 .debug_line    0x0000031a      0x288 04-KPD\libkpd.a(kpd.o)
 .debug_line    0x000005a2      0x5e0 02-LCD\liblcd.a(lcd.o)
 .debug_line    0x00000b82      0x1f3 03-ADC\libadc.a(adc.o)
 .debug_line    0x00000d75      0x2c4 01-DIO\libdio.a(dio.o)

.debug_frame    0x00000000      0x1f0
 *(.debug_frame)
 .debug_frame   0x00000000       0x40 main.o
 .debug_frame   0x00000040       0x30 04-KPD\libkpd.a(kpd.o)
 .debug_frame   0x00000070       0xe0 02-LCD\liblcd.a(lcd.o)
 .debug_frame   0x00000150       0x30 03-ADC\libadc.a(adc.o)
 .debug_frame   0x00000180       0x70 01-DIO\libdio.a(dio.o)

.debug_str      0x00000000      0x585
 *(.debug_str)
 .debug_str     0x00000000      0x119 main.o
                                0x14d (size before relaxing)
 .debug_str     0x00000119      0x105 04-KPD\libkpd.a(kpd.o)
                                0x1de (size before relaxing)
 .debug_str     0x0000021e      0x19b 02-LCD\liblcd.a(lcd.o)
                                0x279 (size before relaxing)
 .debug_str     0x000003b9       0xa8 03-ADC\libadc.a(adc.o)
                                0x181 (size before relaxing)
 .debug_str     0x00000461      0x124 01-DIO\libdio.a(dio.o)
                                0x18f (size before relaxing)

.debug_loc      0x00000000      0x93b
 *(.debug_loc)
 .debug_loc     0x00000000       0x9b main.o
 .debug_loc     0x0000009b       0x63 04-KPD\libkpd.a(kpd.o)
 .debug_loc     0x000000fe      0x5c2 02-LCD\liblcd.a(lcd.o)
 .debug_loc     0x000006c0       0x3e 03-ADC\libadc.a(adc.o)
 .debug_loc     0x000006fe      0x23d 01-DIO\libdio.a(dio.o)

.debug_macinfo
 *(.debug_macinfo)
OUTPUT(Main.elf elf32-avr)
LOAD linker stubs

.debug_ranges   0x00000000      0x168
 .debug_ranges  0x00000000       0x28 main.o
 .debug_ranges  0x00000028       0x68 04-KPD\libkpd.a(kpd.o)
 .debug_ranges  0x00000090       0x78 02-LCD\liblcd.a(lcd.o)
 .debug_ranges  0x00000108       0x20 03-ADC\libadc.a(adc.o)
 .debug_ranges  0x00000128       0x40 01-DIO\libdio.a(dio.o)
